_field : NoPP -l> nat

_field is not universe polymorphic
_field is transparent
Expands to: Constant Lens.tests.demo._field
Declared in library Lens.tests.demo, line 11, characters 0-26
_foo : Foo -l> nat

_foo is not universe polymorphic
_foo is transparent
Expands to: Constant Lens.tests.demo._foo
Declared in library Lens.tests.demo, line 21, characters 0-25
_bar : Foo -l> bool

_bar is not universe polymorphic
_bar is transparent
Expands to: Constant Lens.tests.demo._bar
Declared in library Lens.tests.demo, line 21, characters 0-25
1 goal
  
  r : Foo
  H : @eq nat (foo r) O
  ============================
  @eq nat (foo r) (foo r)
1 goal
  
  r : Foo
  H : @eq nat (foo r) O
  ============================
  @eq nat O O
