idnat_params : Params idnat 0
     : Params idnat 0
pairAB_params : Params pairAB 3
     : Params pairAB 3
pairAB_params0 : Params (@pairAB) 5
     : Params (@pairAB) 5
useA_params : Params useA 3
     : Params useA 3
useA_params0 : Params (@useA) 4
     : Params (@useA) 4
noDeps_params : Params noDeps 3
     : Params noDeps 3
noDeps_params0 : Params noDeps 3
     : Params noDeps 3
local_in_sec_params : Params local_in_sec 2
     : Params local_in_sec 2
local_in_sec_params0 : Params (@local_in_sec) 3
     : Params (@local_in_sec) 3
