Axioms:
skylabs.lang.cpp.syntax.compare.compareN is assumed to be guarded.
skylabs.lang.cpp.logic.pred.L.union_padding_type_ptr_observe : ∀ (thread_info : iris.bi.monpred.biIndex) (_Σ : iris.base_logic.lib.iprop.gFunctors) (H : skylabs.lang.cpp.logic.mpred.LC.cpp_logic thread_info _Σ) (σ : skylabs.lang.cpp.semantics.genv.genv) (p : skylabs.lang.cpp.semantics.values.PTRS_INTF_AXIOM.ptr) (cls : skylabs.lang.cpp.syntax.core.name) (q : skylabs.lang.cpp.algebra.cfrac.cQp.t) (active : Corelib.Init.Datatypes.option Corelib.Init.Datatypes.nat), skylabs.iris.extra.bi.observe.Observe (skylabs.lang.cpp.logic.pred.L.type_ptr (skylabs.lang.cpp.syntax.core.Tnamed cls) p) (skylabs.lang.cpp.logic.pred.L.union_padding p cls q active)
skylabs.lang.cpp.logic.pred.L.union_padding : ∀ (thread_info : iris.bi.monpred.biIndex) (_Σ : iris.base_logic.lib.iprop.gFunctors), skylabs.lang.cpp.logic.mpred.LC.cpp_logic thread_info _Σ → skylabs.lang.cpp.semantics.genv.genv → skylabs.lang.cpp.semantics.values.PTRS_INTF_AXIOM.ptr → skylabs.lang.cpp.syntax.core.globname → skylabs.lang.cpp.algebra.cfrac.cQp.t → Corelib.Init.Datatypes.option Corelib.Init.Datatypes.nat → skylabs.iris.extra.base_logic.mpred.mpred
skylabs.lang.cpp.logic.pred.L.type_ptr_strict_valid : ∀ (thread_info : iris.bi.monpred.biIndex) (_Σ : iris.base_logic.lib.iprop.gFunctors) (H : skylabs.lang.cpp.logic.mpred.LC.cpp_logic thread_info _Σ) (σ : skylabs.lang.cpp.semantics.genv.genv) (ty : skylabs.lang.cpp.syntax.core.type) (p : skylabs.lang.cpp.semantics.values.PTRS_INTF_AXIOM.ptr), skylabs.lang.cpp.logic.pred.L.type_ptr ty p ⊢ skylabs.lang.cpp.logic.pred.L.strict_valid_ptr p
skylabs.lang.cpp.logic.pred.L.type_ptr_size : ∀ (thread_info : iris.bi.monpred.biIndex) (_Σ : iris.base_logic.lib.iprop.gFunctors) (H : skylabs.lang.cpp.logic.mpred.LC.cpp_logic thread_info _Σ) (σ : skylabs.lang.cpp.semantics.genv.genv) (ty : skylabs.lang.cpp.syntax.core.type) (p : skylabs.lang.cpp.semantics.values.PTRS_INTF_AXIOM.ptr), skylabs.lang.cpp.logic.pred.L.type_ptr ty p ⊢ [| stdpp.base.is_Some (skylabs.lang.cpp.semantics.types.size_of σ ty) |]
skylabs.lang.cpp.logic.pred.L.type_ptr : ∀ (thread_info : iris.bi.monpred.biIndex) (_Σ : iris.base_logic.lib.iprop.gFunctors), skylabs.lang.cpp.logic.mpred.LC.cpp_logic thread_info _Σ → skylabs.lang.cpp.semantics.genv.genv → skylabs.lang.cpp.syntax.core.type → skylabs.lang.cpp.semantics.values.PTRS_INTF_AXIOM.ptr → skylabs.iris.extra.base_logic.mpred.mpred
skylabs.lang.cpp.logic.pred.L.tptsto_type_ptr : ∀ (thread_info : iris.bi.monpred.biIndex) (_Σ : iris.base_logic.lib.iprop.gFunctors) (H : skylabs.lang.cpp.logic.mpred.LC.cpp_logic thread_info _Σ) (σ : skylabs.lang.cpp.semantics.genv.genv) (ty : skylabs.lang.cpp.syntax.core.type) (q : skylabs.lang.cpp.algebra.cfrac.cQp.t) (p : skylabs.lang.cpp.semantics.values.PTRS_INTF_AXIOM.ptr) (v : skylabs.lang.cpp.semantics.values.VALUES_INTF_AXIOM.val), skylabs.iris.extra.bi.observe.Observe (skylabs.lang.cpp.logic.pred.L.type_ptr ty p) (skylabs.lang.cpp.logic.pred.L.tptsto ty q p v)
skylabs.lang.cpp.logic.pred.L.tptsto : ∀ (thread_info : iris.bi.monpred.biIndex) (_Σ : iris.base_logic.lib.iprop.gFunctors), skylabs.lang.cpp.logic.mpred.LC.cpp_logic thread_info _Σ → skylabs.lang.cpp.semantics.genv.genv → skylabs.lang.cpp.syntax.core.type → skylabs.lang.cpp.algebra.cfrac.cQp.t → skylabs.lang.cpp.semantics.values.PTRS_INTF_AXIOM.ptr → skylabs.lang.cpp.semantics.values.VALUES_INTF_AXIOM.val → skylabs.iris.extra.base_logic.mpred.mpred
skylabs.lang.cpp.logic.pred.L.struct_padding_type_ptr_observe : ∀ (thread_info : iris.bi.monpred.biIndex) (_Σ : iris.base_logic.lib.iprop.gFunctors) (H : skylabs.lang.cpp.logic.mpred.LC.cpp_logic thread_info _Σ) (σ : skylabs.lang.cpp.semantics.genv.genv) (p : skylabs.lang.cpp.semantics.values.PTRS_INTF_AXIOM.ptr) (cls : skylabs.lang.cpp.syntax.core.name) (q : skylabs.lang.cpp.algebra.cfrac.cQp.t), skylabs.iris.extra.bi.observe.Observe (skylabs.lang.cpp.logic.pred.L.type_ptr (skylabs.lang.cpp.syntax.core.Tnamed cls) p) (skylabs.lang.cpp.logic.pred.L.struct_padding p cls q)
skylabs.lang.cpp.logic.pred.L.struct_padding : ∀ (thread_info : iris.bi.monpred.biIndex) (_Σ : iris.base_logic.lib.iprop.gFunctors), skylabs.lang.cpp.logic.mpred.LC.cpp_logic thread_info _Σ → skylabs.lang.cpp.semantics.genv.genv → skylabs.lang.cpp.semantics.values.PTRS_INTF_AXIOM.ptr → skylabs.lang.cpp.syntax.core.globname → skylabs.lang.cpp.algebra.cfrac.cQp.t → skylabs.iris.extra.base_logic.mpred.mpred
Corelib.Strings.PrimString.string : Set
skylabs.lang.cpp.logic.pred.L.strict_valid_valid : ∀ (thread_info : iris.bi.monpred.biIndex) (_Σ : iris.base_logic.lib.iprop.gFunctors) (H : skylabs.lang.cpp.logic.mpred.LC.cpp_logic thread_info _Σ) (p : skylabs.lang.cpp.semantics.values.PTRS_INTF_AXIOM.ptr), skylabs.lang.cpp.logic.pred.L.strict_valid_ptr p ⊢ skylabs.lang.cpp.logic.pred.L.valid_ptr p
skylabs.lang.cpp.semantics.values.VALUES_INTF_AXIOM.raw_byte : Set
skylabs.lang.cpp.semantics.values.PTRS_INTF_AXIOM.ptr_vaddr : skylabs.lang.cpp.semantics.genv.genv → skylabs.lang.cpp.semantics.values.PTRS_INTF_AXIOM.ptr → Corelib.Init.Datatypes.option skylabs.prelude.addr.vaddr
skylabs.lang.cpp.semantics.values.PTRS_INTF_AXIOM.ptr : Set
skylabs.lang.cpp.semantics.values.PTRS_INTF_AXIOM.offset_ptr_id : ∀ p : skylabs.lang.cpp.semantics.values.PTRS_INTF_AXIOM.ptr, p ,, skylabs.lang.cpp.semantics.values.PTRS_INTF_AXIOM.o_id = p
skylabs.lang.cpp.semantics.values.PTRS_INTF_AXIOM.offset_ptr_dot : ∀ (p : skylabs.lang.cpp.semantics.values.PTRS_INTF_AXIOM.ptr) (o1 : skylabs.lang.cpp.semantics.values.PTRS_INTF_AXIOM.DOT_from skylabs.lang.cpp.semantics.values.PTRS_INTF_AXIOM.DOT_offset_offset) (o2 : skylabs.lang.cpp.semantics.values.PTRS_INTF_AXIOM.offset), p ,, (o1 ,, o2) = p ,, o1 ,, o2
skylabs.lang.cpp.logic.pred.L.offset_inv_pinned_ptr_pure : ∀ (thread_info : iris.bi.monpred.biIndex) (_Σ : iris.base_logic.lib.iprop.gFunctors) (H : skylabs.lang.cpp.logic.mpred.LC.cpp_logic thread_info _Σ) (σ : skylabs.lang.cpp.semantics.genv.genv) (o : skylabs.lang.cpp.semantics.values.PTRS_INTF_AXIOM.offset) (z : Corelib.Numbers.BinNums.Z) (va : skylabs.prelude.addr.vaddr) (p : skylabs.lang.cpp.semantics.values.PTRS_INTF_AXIOM.ptr), skylabs.lang.cpp.semantics.values.PTRS_INTF_AXIOM.eval_offset σ o = Corelib.Init.Datatypes.Some z → skylabs.lang.cpp.semantics.values.PTRS_INTF_AXIOM.ptr_vaddr (p ,, o) = Corelib.Init.Datatypes.Some va → skylabs.lang.cpp.logic.pred.L.valid_ptr (p ,, o) ⊢ [| (0 ≤ va - z)%Z |] ∗ [| skylabs.lang.cpp.semantics.values.PTRS_INTF_AXIOM.ptr_vaddr p = Corelib.Init.Datatypes.Some (Stdlib.ZArith.BinInt.Z.to_N (va - z)) |]
skylabs.lang.cpp.semantics.values.PTRS_INTF_AXIOM.offset : Set
skylabs.lang.cpp.semantics.values.PTRS_INTF_AXIOM.o_sub_0 : ∀ (σ : skylabs.lang.cpp.semantics.genv.genv) (ty : skylabs.lang.cpp.syntax.core.type), stdpp.base.is_Some (skylabs.lang.cpp.semantics.types.size_of σ ty) → .[ ty ! 0 ] = skylabs.lang.cpp.semantics.values.PTRS_INTF_AXIOM.o_id
skylabs.lang.cpp.semantics.values.PTRS_INTF_AXIOM.o_sub : skylabs.lang.cpp.semantics.genv.genv → skylabs.lang.cpp.syntax.core.type → Corelib.Numbers.BinNums.Z → skylabs.lang.cpp.semantics.values.PTRS_INTF_AXIOM.offset
skylabs.lang.cpp.semantics.values.PTRS_INTF_AXIOM.o_id : skylabs.lang.cpp.semantics.values.PTRS_INTF_AXIOM.offset
skylabs.lang.cpp.semantics.values.PTRS_INTF_AXIOM.o_field : skylabs.lang.cpp.semantics.genv.genv → skylabs.lang.cpp.syntax.core.name → skylabs.lang.cpp.semantics.values.PTRS_INTF_AXIOM.offset
skylabs.lang.cpp.semantics.values.PTRS_INTF_AXIOM.o_dot_sub : ∀ (σ : skylabs.lang.cpp.semantics.genv.genv) (i j : Corelib.Numbers.BinNums.Z) (ty : skylabs.lang.cpp.syntax.core.type), .[ ty ! i ] .[ ty ! j ] = .[ ty ! i + j ]
skylabs.lang.cpp.semantics.values.PTRS_INTF_AXIOM.o_base : skylabs.lang.cpp.semantics.genv.genv → skylabs.lang.cpp.syntax.core.name → skylabs.lang.cpp.syntax.core.name → skylabs.lang.cpp.semantics.values.PTRS_INTF_AXIOM.offset
skylabs.lang.cpp.semantics.values.PTRS_INTF_AXIOM.nullptr : skylabs.lang.cpp.semantics.values.PTRS_INTF_AXIOM.ptr
skylabs.lang.cpp.syntax.compare.name_comparison : skylabs.prelude.base.Comparison skylabs.lang.cpp.syntax.compare.compareN
Corelib.Numbers.Cyclic.Int63.PrimInt63.mul : Corelib.Numbers.Cyclic.Int63.PrimInt63.int → Corelib.Numbers.Cyclic.Int63.PrimInt63.int → Corelib.Numbers.Cyclic.Int63.PrimInt63.int
skylabs.lang.cpp.logic.pred.L.mdc_path : ∀ (thread_info : iris.bi.monpred.biIndex) (_Σ : iris.base_logic.lib.iprop.gFunctors), skylabs.lang.cpp.logic.mpred.LC.cpp_logic thread_info _Σ → skylabs.lang.cpp.semantics.genv.genv → skylabs.lang.cpp.syntax.core.globname → Corelib.Init.Datatypes.list skylabs.lang.cpp.syntax.core.globname → skylabs.lang.cpp.algebra.cfrac.cQp.t → skylabs.lang.cpp.semantics.values.PTRS_INTF_AXIOM.ptr → skylabs.iris.extra.base_logic.mpred.mpred
Corelib.Numbers.Cyclic.Int63.PrimInt63.int : Set
skylabs.lang.cpp.semantics.values.PTRS_INTF_AXIOM.eval_offset : skylabs.lang.cpp.semantics.genv.genv → skylabs.lang.cpp.semantics.values.PTRS_INTF_AXIOM.offset → Corelib.Init.Datatypes.option Corelib.Numbers.BinNums.Z
skylabs.lang.cpp.semantics.values.PTRS_INTF_AXIOM.eval_o_sub' : ∀ (σ : skylabs.lang.cpp.semantics.genv.genv) (ty : skylabs.lang.cpp.syntax.core.type) (i : Corelib.Numbers.BinNums.Z) (sz : Corelib.Numbers.BinNums.N), skylabs.lang.cpp.semantics.types.size_of σ ty = Corelib.Init.Datatypes.Some sz → skylabs.lang.cpp.semantics.values.PTRS_INTF_AXIOM.eval_offset σ (.[ ty ! i ]) = Corelib.Init.Datatypes.Some (sz * i)%Z
skylabs.lang.cpp.logic.mpred.LC.cppPreG : iris.base_logic.lib.iprop.gFunctors → Type
Corelib.Strings.PrimString.compare : Corelib.Strings.PrimString.string → Corelib.Strings.PrimString.string → Corelib.Init.Datatypes.comparison
Corelib.Numbers.Cyclic.Int63.PrimInt63.compare : Corelib.Numbers.Cyclic.Int63.PrimInt63.int → Corelib.Numbers.Cyclic.Int63.PrimInt63.int → Corelib.Init.Datatypes.comparison
skylabs.lang.cpp.semantics.types.align_of_size_of' : ∀ (σ : skylabs.lang.cpp.semantics.genv.genv) (t : skylabs.lang.cpp.syntax.core.type) (sz : Corelib.Numbers.BinNums.N), skylabs.lang.cpp.semantics.types.size_of σ t = Corelib.Init.Datatypes.Some sz → ∃ al : Corelib.Numbers.BinNums.N, skylabs.lang.cpp.semantics.types.align_of t = Corelib.Init.Datatypes.Some al ∧ al ≠ 0%N ∧ (al | sz)%N
skylabs.lang.cpp.semantics.types.align_of_array : ∀ (σ : skylabs.lang.cpp.semantics.genv.genv) (ty : skylabs.lang.cpp.syntax.core.type) (n : Corelib.Numbers.BinNums.N), skylabs.lang.cpp.semantics.types.align_of (skylabs.lang.cpp.syntax.core.Tarray ty n) = skylabs.lang.cpp.semantics.types.align_of ty
skylabs.lang.cpp.semantics.types.align_of : skylabs.lang.cpp.semantics.genv.genv → skylabs.lang.cpp.syntax.core.type → Corelib.Init.Datatypes.option Corelib.Numbers.BinNums.N
Corelib.Numbers.Cyclic.Int63.PrimInt63.add : Corelib.Numbers.Cyclic.Int63.PrimInt63.int → Corelib.Numbers.Cyclic.Int63.PrimInt63.int → Corelib.Numbers.Cyclic.Int63.PrimInt63.int
skylabs.lang.cpp.logic.pred.L._valid_ptr_persistent : skylabs.iris.extra.bi.derived_laws.nary.Persistent5 (@skylabs.lang.cpp.logic.pred.L._valid_ptr)
skylabs.lang.cpp.logic.pred.L._valid_ptr_affine : skylabs.iris.extra.bi.derived_laws.nary.Affine5 (@skylabs.lang.cpp.logic.pred.L._valid_ptr)
skylabs.lang.cpp.logic.pred.L._valid_ptr : ∀ (thread_info : iris.bi.monpred.biIndex) (_Σ : iris.base_logic.lib.iprop.gFunctors), skylabs.lang.cpp.logic.mpred.LC.cpp_logic thread_info _Σ → skylabs.lang.cpp.logic.pred.validity_type → skylabs.lang.cpp.semantics.values.PTRS_INTF_AXIOM.ptr → skylabs.iris.extra.base_logic.mpred.mpred
skylabs.lang.cpp.logic.mpred.LC._cpp_ghost : Type
skylabs.lang.cpp.semantics.values.PTRS_INTF_AXIOM.__offset_ptr : skylabs.lang.cpp.semantics.values.PTRS_INTF_AXIOM.ptr → skylabs.lang.cpp.semantics.values.PTRS_INTF_AXIOM.offset → skylabs.lang.cpp.semantics.values.PTRS_INTF_AXIOM.ptr
skylabs.lang.cpp.semantics.values.PTRS_INTF_AXIOM.__o_dot : skylabs.lang.cpp.semantics.values.PTRS_INTF_AXIOM.offset → skylabs.lang.cpp.semantics.values.PTRS_INTF_AXIOM.offset → skylabs.lang.cpp.semantics.values.PTRS_INTF_AXIOM.offset
Axioms:
skylabs.lang.cpp.syntax.compare.compareN is assumed to be guarded.
skylabs.lang.cpp.logic.pred.L.union_padding_type_ptr_observe : ∀ (thread_info : iris.bi.monpred.biIndex) (_Σ : iris.base_logic.lib.iprop.gFunctors) (H : skylabs.lang.cpp.logic.mpred.LC.cpp_logic thread_info _Σ) (σ : skylabs.lang.cpp.semantics.genv.genv) (p : skylabs.lang.cpp.semantics.values.PTRS_INTF_AXIOM.ptr) (cls : skylabs.lang.cpp.syntax.core.name) (q : skylabs.lang.cpp.algebra.cfrac.cQp.t) (active : Corelib.Init.Datatypes.option Corelib.Init.Datatypes.nat), skylabs.iris.extra.bi.observe.Observe (skylabs.lang.cpp.logic.pred.L.type_ptr (skylabs.lang.cpp.syntax.core.Tnamed cls) p) (skylabs.lang.cpp.logic.pred.L.union_padding p cls q active)
skylabs.lang.cpp.logic.pred.L.union_padding : ∀ (thread_info : iris.bi.monpred.biIndex) (_Σ : iris.base_logic.lib.iprop.gFunctors), skylabs.lang.cpp.logic.mpred.LC.cpp_logic thread_info _Σ → skylabs.lang.cpp.semantics.genv.genv → skylabs.lang.cpp.semantics.values.PTRS_INTF_AXIOM.ptr → skylabs.lang.cpp.syntax.core.globname → skylabs.lang.cpp.algebra.cfrac.cQp.t → Corelib.Init.Datatypes.option Corelib.Init.Datatypes.nat → skylabs.iris.extra.base_logic.mpred.mpred
skylabs.lang.cpp.logic.pred.L.type_ptr_strict_valid : ∀ (thread_info : iris.bi.monpred.biIndex) (_Σ : iris.base_logic.lib.iprop.gFunctors) (H : skylabs.lang.cpp.logic.mpred.LC.cpp_logic thread_info _Σ) (σ : skylabs.lang.cpp.semantics.genv.genv) (ty : skylabs.lang.cpp.syntax.core.type) (p : skylabs.lang.cpp.semantics.values.PTRS_INTF_AXIOM.ptr), skylabs.lang.cpp.logic.pred.L.type_ptr ty p ⊢ skylabs.lang.cpp.logic.pred.L.strict_valid_ptr p
skylabs.lang.cpp.logic.pred.L.type_ptr_size : ∀ (thread_info : iris.bi.monpred.biIndex) (_Σ : iris.base_logic.lib.iprop.gFunctors) (H : skylabs.lang.cpp.logic.mpred.LC.cpp_logic thread_info _Σ) (σ : skylabs.lang.cpp.semantics.genv.genv) (ty : skylabs.lang.cpp.syntax.core.type) (p : skylabs.lang.cpp.semantics.values.PTRS_INTF_AXIOM.ptr), skylabs.lang.cpp.logic.pred.L.type_ptr ty p ⊢ [| stdpp.base.is_Some (skylabs.lang.cpp.semantics.types.size_of σ ty) |]
skylabs.lang.cpp.logic.pred.L.type_ptr : ∀ (thread_info : iris.bi.monpred.biIndex) (_Σ : iris.base_logic.lib.iprop.gFunctors), skylabs.lang.cpp.logic.mpred.LC.cpp_logic thread_info _Σ → skylabs.lang.cpp.semantics.genv.genv → skylabs.lang.cpp.syntax.core.type → skylabs.lang.cpp.semantics.values.PTRS_INTF_AXIOM.ptr → skylabs.iris.extra.base_logic.mpred.mpred
skylabs.lang.cpp.logic.pred.L.tptsto_type_ptr : ∀ (thread_info : iris.bi.monpred.biIndex) (_Σ : iris.base_logic.lib.iprop.gFunctors) (H : skylabs.lang.cpp.logic.mpred.LC.cpp_logic thread_info _Σ) (σ : skylabs.lang.cpp.semantics.genv.genv) (ty : skylabs.lang.cpp.syntax.core.type) (q : skylabs.lang.cpp.algebra.cfrac.cQp.t) (p : skylabs.lang.cpp.semantics.values.PTRS_INTF_AXIOM.ptr) (v : skylabs.lang.cpp.semantics.values.VALUES_INTF_AXIOM.val), skylabs.iris.extra.bi.observe.Observe (skylabs.lang.cpp.logic.pred.L.type_ptr ty p) (skylabs.lang.cpp.logic.pred.L.tptsto ty q p v)
skylabs.lang.cpp.logic.pred.L.tptsto : ∀ (thread_info : iris.bi.monpred.biIndex) (_Σ : iris.base_logic.lib.iprop.gFunctors), skylabs.lang.cpp.logic.mpred.LC.cpp_logic thread_info _Σ → skylabs.lang.cpp.semantics.genv.genv → skylabs.lang.cpp.syntax.core.type → skylabs.lang.cpp.algebra.cfrac.cQp.t → skylabs.lang.cpp.semantics.values.PTRS_INTF_AXIOM.ptr → skylabs.lang.cpp.semantics.values.VALUES_INTF_AXIOM.val → skylabs.iris.extra.base_logic.mpred.mpred
skylabs.lang.cpp.logic.pred.L.struct_padding_type_ptr_observe : ∀ (thread_info : iris.bi.monpred.biIndex) (_Σ : iris.base_logic.lib.iprop.gFunctors) (H : skylabs.lang.cpp.logic.mpred.LC.cpp_logic thread_info _Σ) (σ : skylabs.lang.cpp.semantics.genv.genv) (p : skylabs.lang.cpp.semantics.values.PTRS_INTF_AXIOM.ptr) (cls : skylabs.lang.cpp.syntax.core.name) (q : skylabs.lang.cpp.algebra.cfrac.cQp.t), skylabs.iris.extra.bi.observe.Observe (skylabs.lang.cpp.logic.pred.L.type_ptr (skylabs.lang.cpp.syntax.core.Tnamed cls) p) (skylabs.lang.cpp.logic.pred.L.struct_padding p cls q)
skylabs.lang.cpp.logic.pred.L.struct_padding : ∀ (thread_info : iris.bi.monpred.biIndex) (_Σ : iris.base_logic.lib.iprop.gFunctors), skylabs.lang.cpp.logic.mpred.LC.cpp_logic thread_info _Σ → skylabs.lang.cpp.semantics.genv.genv → skylabs.lang.cpp.semantics.values.PTRS_INTF_AXIOM.ptr → skylabs.lang.cpp.syntax.core.globname → skylabs.lang.cpp.algebra.cfrac.cQp.t → skylabs.iris.extra.base_logic.mpred.mpred
Corelib.Strings.PrimString.string : Set
skylabs.lang.cpp.logic.pred.L.strict_valid_valid : ∀ (thread_info : iris.bi.monpred.biIndex) (_Σ : iris.base_logic.lib.iprop.gFunctors) (H : skylabs.lang.cpp.logic.mpred.LC.cpp_logic thread_info _Σ) (p : skylabs.lang.cpp.semantics.values.PTRS_INTF_AXIOM.ptr), skylabs.lang.cpp.logic.pred.L.strict_valid_ptr p ⊢ skylabs.lang.cpp.logic.pred.L.valid_ptr p
skylabs.lang.cpp.semantics.values.VALUES_INTF_AXIOM.raw_byte : Set
skylabs.lang.cpp.semantics.values.PTRS_INTF_AXIOM.ptr_vaddr : skylabs.lang.cpp.semantics.genv.genv → skylabs.lang.cpp.semantics.values.PTRS_INTF_AXIOM.ptr → Corelib.Init.Datatypes.option skylabs.prelude.addr.vaddr
skylabs.lang.cpp.semantics.values.PTRS_INTF_AXIOM.ptr : Set
skylabs.lang.cpp.semantics.values.PTRS_INTF_AXIOM.offset_ptr_id : ∀ p : skylabs.lang.cpp.semantics.values.PTRS_INTF_AXIOM.ptr, p ,, skylabs.lang.cpp.semantics.values.PTRS_INTF_AXIOM.o_id = p
skylabs.lang.cpp.semantics.values.PTRS_INTF_AXIOM.offset_ptr_dot : ∀ (p : skylabs.lang.cpp.semantics.values.PTRS_INTF_AXIOM.ptr) (o1 : skylabs.lang.cpp.semantics.values.PTRS_INTF_AXIOM.DOT_from skylabs.lang.cpp.semantics.values.PTRS_INTF_AXIOM.DOT_offset_offset) (o2 : skylabs.lang.cpp.semantics.values.PTRS_INTF_AXIOM.offset), p ,, (o1 ,, o2) = p ,, o1 ,, o2
skylabs.lang.cpp.logic.pred.L.offset_inv_pinned_ptr_pure : ∀ (thread_info : iris.bi.monpred.biIndex) (_Σ : iris.base_logic.lib.iprop.gFunctors) (H : skylabs.lang.cpp.logic.mpred.LC.cpp_logic thread_info _Σ) (σ : skylabs.lang.cpp.semantics.genv.genv) (o : skylabs.lang.cpp.semantics.values.PTRS_INTF_AXIOM.offset) (z : Corelib.Numbers.BinNums.Z) (va : skylabs.prelude.addr.vaddr) (p : skylabs.lang.cpp.semantics.values.PTRS_INTF_AXIOM.ptr), skylabs.lang.cpp.semantics.values.PTRS_INTF_AXIOM.eval_offset σ o = Corelib.Init.Datatypes.Some z → skylabs.lang.cpp.semantics.values.PTRS_INTF_AXIOM.ptr_vaddr (p ,, o) = Corelib.Init.Datatypes.Some va → skylabs.lang.cpp.logic.pred.L.valid_ptr (p ,, o) ⊢ [| (0 ≤ va - z)%Z |] ∗ [| skylabs.lang.cpp.semantics.values.PTRS_INTF_AXIOM.ptr_vaddr p = Corelib.Init.Datatypes.Some (Stdlib.ZArith.BinInt.Z.to_N (va - z)) |]
skylabs.lang.cpp.semantics.values.PTRS_INTF_AXIOM.offset : Set
skylabs.lang.cpp.semantics.values.PTRS_INTF_AXIOM.o_sub_0 : ∀ (σ : skylabs.lang.cpp.semantics.genv.genv) (ty : skylabs.lang.cpp.syntax.core.type), stdpp.base.is_Some (skylabs.lang.cpp.semantics.types.size_of σ ty) → .[ ty ! 0 ] = skylabs.lang.cpp.semantics.values.PTRS_INTF_AXIOM.o_id
skylabs.lang.cpp.semantics.values.PTRS_INTF_AXIOM.o_sub : skylabs.lang.cpp.semantics.genv.genv → skylabs.lang.cpp.syntax.core.type → Corelib.Numbers.BinNums.Z → skylabs.lang.cpp.semantics.values.PTRS_INTF_AXIOM.offset
skylabs.lang.cpp.semantics.values.PTRS_INTF_AXIOM.o_id : skylabs.lang.cpp.semantics.values.PTRS_INTF_AXIOM.offset
skylabs.lang.cpp.semantics.values.PTRS_INTF_AXIOM.o_field : skylabs.lang.cpp.semantics.genv.genv → skylabs.lang.cpp.syntax.core.name → skylabs.lang.cpp.semantics.values.PTRS_INTF_AXIOM.offset
skylabs.lang.cpp.semantics.values.PTRS_INTF_AXIOM.o_dot_sub : ∀ (σ : skylabs.lang.cpp.semantics.genv.genv) (i j : Corelib.Numbers.BinNums.Z) (ty : skylabs.lang.cpp.syntax.core.type), .[ ty ! i ] .[ ty ! j ] = .[ ty ! i + j ]
skylabs.lang.cpp.semantics.values.PTRS_INTF_AXIOM.o_base : skylabs.lang.cpp.semantics.genv.genv → skylabs.lang.cpp.syntax.core.name → skylabs.lang.cpp.syntax.core.name → skylabs.lang.cpp.semantics.values.PTRS_INTF_AXIOM.offset
skylabs.lang.cpp.semantics.values.PTRS_INTF_AXIOM.nullptr : skylabs.lang.cpp.semantics.values.PTRS_INTF_AXIOM.ptr
skylabs.lang.cpp.syntax.compare.name_comparison : skylabs.prelude.base.Comparison skylabs.lang.cpp.syntax.compare.compareN
Corelib.Numbers.Cyclic.Int63.PrimInt63.mul : Corelib.Numbers.Cyclic.Int63.PrimInt63.int → Corelib.Numbers.Cyclic.Int63.PrimInt63.int → Corelib.Numbers.Cyclic.Int63.PrimInt63.int
skylabs.lang.cpp.logic.pred.L.mdc_path : ∀ (thread_info : iris.bi.monpred.biIndex) (_Σ : iris.base_logic.lib.iprop.gFunctors), skylabs.lang.cpp.logic.mpred.LC.cpp_logic thread_info _Σ → skylabs.lang.cpp.semantics.genv.genv → skylabs.lang.cpp.syntax.core.globname → Corelib.Init.Datatypes.list skylabs.lang.cpp.syntax.core.globname → skylabs.lang.cpp.algebra.cfrac.cQp.t → skylabs.lang.cpp.semantics.values.PTRS_INTF_AXIOM.ptr → skylabs.iris.extra.base_logic.mpred.mpred
Corelib.Numbers.Cyclic.Int63.PrimInt63.int : Set
skylabs.lang.cpp.semantics.values.PTRS_INTF_AXIOM.eval_offset : skylabs.lang.cpp.semantics.genv.genv → skylabs.lang.cpp.semantics.values.PTRS_INTF_AXIOM.offset → Corelib.Init.Datatypes.option Corelib.Numbers.BinNums.Z
skylabs.lang.cpp.semantics.values.PTRS_INTF_AXIOM.eval_o_sub' : ∀ (σ : skylabs.lang.cpp.semantics.genv.genv) (ty : skylabs.lang.cpp.syntax.core.type) (i : Corelib.Numbers.BinNums.Z) (sz : Corelib.Numbers.BinNums.N), skylabs.lang.cpp.semantics.types.size_of σ ty = Corelib.Init.Datatypes.Some sz → skylabs.lang.cpp.semantics.values.PTRS_INTF_AXIOM.eval_offset σ (.[ ty ! i ]) = Corelib.Init.Datatypes.Some (sz * i)%Z
skylabs.lang.cpp.logic.mpred.LC.cppPreG : iris.base_logic.lib.iprop.gFunctors → Type
Corelib.Strings.PrimString.compare : Corelib.Strings.PrimString.string → Corelib.Strings.PrimString.string → Corelib.Init.Datatypes.comparison
Corelib.Numbers.Cyclic.Int63.PrimInt63.compare : Corelib.Numbers.Cyclic.Int63.PrimInt63.int → Corelib.Numbers.Cyclic.Int63.PrimInt63.int → Corelib.Init.Datatypes.comparison
skylabs.lang.cpp.semantics.types.align_of_size_of' : ∀ (σ : skylabs.lang.cpp.semantics.genv.genv) (t : skylabs.lang.cpp.syntax.core.type) (sz : Corelib.Numbers.BinNums.N), skylabs.lang.cpp.semantics.types.size_of σ t = Corelib.Init.Datatypes.Some sz → ∃ al : Corelib.Numbers.BinNums.N, skylabs.lang.cpp.semantics.types.align_of t = Corelib.Init.Datatypes.Some al ∧ al ≠ 0%N ∧ (al | sz)%N
skylabs.lang.cpp.semantics.types.align_of_array : ∀ (σ : skylabs.lang.cpp.semantics.genv.genv) (ty : skylabs.lang.cpp.syntax.core.type) (n : Corelib.Numbers.BinNums.N), skylabs.lang.cpp.semantics.types.align_of (skylabs.lang.cpp.syntax.core.Tarray ty n) = skylabs.lang.cpp.semantics.types.align_of ty
skylabs.lang.cpp.semantics.types.align_of : skylabs.lang.cpp.semantics.genv.genv → skylabs.lang.cpp.syntax.core.type → Corelib.Init.Datatypes.option Corelib.Numbers.BinNums.N
Corelib.Numbers.Cyclic.Int63.PrimInt63.add : Corelib.Numbers.Cyclic.Int63.PrimInt63.int → Corelib.Numbers.Cyclic.Int63.PrimInt63.int → Corelib.Numbers.Cyclic.Int63.PrimInt63.int
skylabs.lang.cpp.logic.pred.L._valid_ptr_persistent : skylabs.iris.extra.bi.derived_laws.nary.Persistent5 (@skylabs.lang.cpp.logic.pred.L._valid_ptr)
skylabs.lang.cpp.logic.pred.L._valid_ptr_affine : skylabs.iris.extra.bi.derived_laws.nary.Affine5 (@skylabs.lang.cpp.logic.pred.L._valid_ptr)
skylabs.lang.cpp.logic.pred.L._valid_ptr : ∀ (thread_info : iris.bi.monpred.biIndex) (_Σ : iris.base_logic.lib.iprop.gFunctors), skylabs.lang.cpp.logic.mpred.LC.cpp_logic thread_info _Σ → skylabs.lang.cpp.logic.pred.validity_type → skylabs.lang.cpp.semantics.values.PTRS_INTF_AXIOM.ptr → skylabs.iris.extra.base_logic.mpred.mpred
skylabs.lang.cpp.logic.mpred.LC._cpp_ghost : Type
skylabs.lang.cpp.semantics.values.PTRS_INTF_AXIOM.__offset_ptr : skylabs.lang.cpp.semantics.values.PTRS_INTF_AXIOM.ptr → skylabs.lang.cpp.semantics.values.PTRS_INTF_AXIOM.offset → skylabs.lang.cpp.semantics.values.PTRS_INTF_AXIOM.ptr
skylabs.lang.cpp.semantics.values.PTRS_INTF_AXIOM.__o_dot : skylabs.lang.cpp.semantics.values.PTRS_INTF_AXIOM.offset → skylabs.lang.cpp.semantics.values.PTRS_INTF_AXIOM.offset → skylabs.lang.cpp.semantics.values.PTRS_INTF_AXIOM.offset
Axioms:
skylabs.lang.cpp.syntax.compare.compareN is assumed to be guarded.
skylabs.lang.cpp.logic.pred.L.union_padding_type_ptr_observe : ∀ (thread_info : iris.bi.monpred.biIndex) (_Σ : iris.base_logic.lib.iprop.gFunctors) (H : skylabs.lang.cpp.logic.mpred.LC.cpp_logic thread_info _Σ) (σ : skylabs.lang.cpp.semantics.genv.genv) (p : skylabs.lang.cpp.semantics.values.PTRS_INTF_AXIOM.ptr) (cls : skylabs.lang.cpp.syntax.core.name) (q : skylabs.lang.cpp.algebra.cfrac.cQp.t) (active : Corelib.Init.Datatypes.option Corelib.Init.Datatypes.nat), skylabs.iris.extra.bi.observe.Observe (skylabs.lang.cpp.logic.pred.L.type_ptr (skylabs.lang.cpp.syntax.core.Tnamed cls) p) (skylabs.lang.cpp.logic.pred.L.union_padding p cls q active)
skylabs.lang.cpp.logic.pred.L.union_padding : ∀ (thread_info : iris.bi.monpred.biIndex) (_Σ : iris.base_logic.lib.iprop.gFunctors), skylabs.lang.cpp.logic.mpred.LC.cpp_logic thread_info _Σ → skylabs.lang.cpp.semantics.genv.genv → skylabs.lang.cpp.semantics.values.PTRS_INTF_AXIOM.ptr → skylabs.lang.cpp.syntax.core.globname → skylabs.lang.cpp.algebra.cfrac.cQp.t → Corelib.Init.Datatypes.option Corelib.Init.Datatypes.nat → skylabs.iris.extra.base_logic.mpred.mpred
skylabs.lang.cpp.logic.pred.L.type_ptr_strict_valid : ∀ (thread_info : iris.bi.monpred.biIndex) (_Σ : iris.base_logic.lib.iprop.gFunctors) (H : skylabs.lang.cpp.logic.mpred.LC.cpp_logic thread_info _Σ) (σ : skylabs.lang.cpp.semantics.genv.genv) (ty : skylabs.lang.cpp.syntax.core.type) (p : skylabs.lang.cpp.semantics.values.PTRS_INTF_AXIOM.ptr), skylabs.lang.cpp.logic.pred.L.type_ptr ty p ⊢ skylabs.lang.cpp.logic.pred.L.strict_valid_ptr p
skylabs.lang.cpp.logic.pred.L.type_ptr_size : ∀ (thread_info : iris.bi.monpred.biIndex) (_Σ : iris.base_logic.lib.iprop.gFunctors) (H : skylabs.lang.cpp.logic.mpred.LC.cpp_logic thread_info _Σ) (σ : skylabs.lang.cpp.semantics.genv.genv) (ty : skylabs.lang.cpp.syntax.core.type) (p : skylabs.lang.cpp.semantics.values.PTRS_INTF_AXIOM.ptr), skylabs.lang.cpp.logic.pred.L.type_ptr ty p ⊢ [| stdpp.base.is_Some (skylabs.lang.cpp.semantics.types.size_of σ ty) |]
skylabs.lang.cpp.logic.pred.L.type_ptr : ∀ (thread_info : iris.bi.monpred.biIndex) (_Σ : iris.base_logic.lib.iprop.gFunctors), skylabs.lang.cpp.logic.mpred.LC.cpp_logic thread_info _Σ → skylabs.lang.cpp.semantics.genv.genv → skylabs.lang.cpp.syntax.core.type → skylabs.lang.cpp.semantics.values.PTRS_INTF_AXIOM.ptr → skylabs.iris.extra.base_logic.mpred.mpred
skylabs.lang.cpp.logic.pred.L.tptsto_type_ptr : ∀ (thread_info : iris.bi.monpred.biIndex) (_Σ : iris.base_logic.lib.iprop.gFunctors) (H : skylabs.lang.cpp.logic.mpred.LC.cpp_logic thread_info _Σ) (σ : skylabs.lang.cpp.semantics.genv.genv) (ty : skylabs.lang.cpp.syntax.core.type) (q : skylabs.lang.cpp.algebra.cfrac.cQp.t) (p : skylabs.lang.cpp.semantics.values.PTRS_INTF_AXIOM.ptr) (v : skylabs.lang.cpp.semantics.values.VALUES_INTF_AXIOM.val), skylabs.iris.extra.bi.observe.Observe (skylabs.lang.cpp.logic.pred.L.type_ptr ty p) (skylabs.lang.cpp.logic.pred.L.tptsto ty q p v)
skylabs.lang.cpp.logic.pred.L.tptsto : ∀ (thread_info : iris.bi.monpred.biIndex) (_Σ : iris.base_logic.lib.iprop.gFunctors), skylabs.lang.cpp.logic.mpred.LC.cpp_logic thread_info _Σ → skylabs.lang.cpp.semantics.genv.genv → skylabs.lang.cpp.syntax.core.type → skylabs.lang.cpp.algebra.cfrac.cQp.t → skylabs.lang.cpp.semantics.values.PTRS_INTF_AXIOM.ptr → skylabs.lang.cpp.semantics.values.VALUES_INTF_AXIOM.val → skylabs.iris.extra.base_logic.mpred.mpred
skylabs.lang.cpp.logic.pred.L.struct_padding_type_ptr_observe : ∀ (thread_info : iris.bi.monpred.biIndex) (_Σ : iris.base_logic.lib.iprop.gFunctors) (H : skylabs.lang.cpp.logic.mpred.LC.cpp_logic thread_info _Σ) (σ : skylabs.lang.cpp.semantics.genv.genv) (p : skylabs.lang.cpp.semantics.values.PTRS_INTF_AXIOM.ptr) (cls : skylabs.lang.cpp.syntax.core.name) (q : skylabs.lang.cpp.algebra.cfrac.cQp.t), skylabs.iris.extra.bi.observe.Observe (skylabs.lang.cpp.logic.pred.L.type_ptr (skylabs.lang.cpp.syntax.core.Tnamed cls) p) (skylabs.lang.cpp.logic.pred.L.struct_padding p cls q)
skylabs.lang.cpp.logic.pred.L.struct_padding : ∀ (thread_info : iris.bi.monpred.biIndex) (_Σ : iris.base_logic.lib.iprop.gFunctors), skylabs.lang.cpp.logic.mpred.LC.cpp_logic thread_info _Σ → skylabs.lang.cpp.semantics.genv.genv → skylabs.lang.cpp.semantics.values.PTRS_INTF_AXIOM.ptr → skylabs.lang.cpp.syntax.core.globname → skylabs.lang.cpp.algebra.cfrac.cQp.t → skylabs.iris.extra.base_logic.mpred.mpred
Corelib.Strings.PrimString.string : Set
skylabs.lang.cpp.logic.pred.L.strict_valid_valid : ∀ (thread_info : iris.bi.monpred.biIndex) (_Σ : iris.base_logic.lib.iprop.gFunctors) (H : skylabs.lang.cpp.logic.mpred.LC.cpp_logic thread_info _Σ) (p : skylabs.lang.cpp.semantics.values.PTRS_INTF_AXIOM.ptr), skylabs.lang.cpp.logic.pred.L.strict_valid_ptr p ⊢ skylabs.lang.cpp.logic.pred.L.valid_ptr p
skylabs.lang.cpp.semantics.values.VALUES_INTF_AXIOM.raw_byte : Set
skylabs.lang.cpp.semantics.values.PTRS_INTF_AXIOM.ptr : Set
skylabs.lang.cpp.semantics.values.PTRS_INTF_AXIOM.offset_ptr_id : ∀ p : skylabs.lang.cpp.semantics.values.PTRS_INTF_AXIOM.ptr, p ,, skylabs.lang.cpp.semantics.values.PTRS_INTF_AXIOM.o_id = p
skylabs.lang.cpp.semantics.values.PTRS_INTF_AXIOM.offset_ptr_dot : ∀ (p : skylabs.lang.cpp.semantics.values.PTRS_INTF_AXIOM.ptr) (o1 : skylabs.lang.cpp.semantics.values.PTRS_INTF_AXIOM.DOT_from skylabs.lang.cpp.semantics.values.PTRS_INTF_AXIOM.DOT_offset_offset) (o2 : skylabs.lang.cpp.semantics.values.PTRS_INTF_AXIOM.offset), p ,, (o1 ,, o2) = p ,, o1 ,, o2
skylabs.lang.cpp.semantics.values.PTRS_INTF_AXIOM.offset : Set
skylabs.lang.cpp.semantics.values.PTRS_INTF_AXIOM.o_sub_0 : ∀ (σ : skylabs.lang.cpp.semantics.genv.genv) (ty : skylabs.lang.cpp.syntax.core.type), stdpp.base.is_Some (skylabs.lang.cpp.semantics.types.size_of σ ty) → .[ ty ! 0 ] = skylabs.lang.cpp.semantics.values.PTRS_INTF_AXIOM.o_id
skylabs.lang.cpp.semantics.values.PTRS_INTF_AXIOM.o_sub : skylabs.lang.cpp.semantics.genv.genv → skylabs.lang.cpp.syntax.core.type → Corelib.Numbers.BinNums.Z → skylabs.lang.cpp.semantics.values.PTRS_INTF_AXIOM.offset
skylabs.lang.cpp.semantics.values.PTRS_INTF_AXIOM.o_id : skylabs.lang.cpp.semantics.values.PTRS_INTF_AXIOM.offset
skylabs.lang.cpp.semantics.values.PTRS_INTF_AXIOM.o_field : skylabs.lang.cpp.semantics.genv.genv → skylabs.lang.cpp.syntax.core.name → skylabs.lang.cpp.semantics.values.PTRS_INTF_AXIOM.offset
skylabs.lang.cpp.semantics.values.PTRS_INTF_AXIOM.o_dot_sub : ∀ (σ : skylabs.lang.cpp.semantics.genv.genv) (i j : Corelib.Numbers.BinNums.Z) (ty : skylabs.lang.cpp.syntax.core.type), .[ ty ! i ] .[ ty ! j ] = .[ ty ! i + j ]
skylabs.lang.cpp.semantics.values.PTRS_INTF_AXIOM.o_base : skylabs.lang.cpp.semantics.genv.genv → skylabs.lang.cpp.syntax.core.name → skylabs.lang.cpp.syntax.core.name → skylabs.lang.cpp.semantics.values.PTRS_INTF_AXIOM.offset
skylabs.lang.cpp.semantics.values.PTRS_INTF_AXIOM.nullptr : skylabs.lang.cpp.semantics.values.PTRS_INTF_AXIOM.ptr
skylabs.lang.cpp.syntax.compare.name_comparison : skylabs.prelude.base.Comparison skylabs.lang.cpp.syntax.compare.compareN
Corelib.Numbers.Cyclic.Int63.PrimInt63.mul : Corelib.Numbers.Cyclic.Int63.PrimInt63.int → Corelib.Numbers.Cyclic.Int63.PrimInt63.int → Corelib.Numbers.Cyclic.Int63.PrimInt63.int
skylabs.lang.cpp.logic.pred.L.mdc_path : ∀ (thread_info : iris.bi.monpred.biIndex) (_Σ : iris.base_logic.lib.iprop.gFunctors), skylabs.lang.cpp.logic.mpred.LC.cpp_logic thread_info _Σ → skylabs.lang.cpp.semantics.genv.genv → skylabs.lang.cpp.syntax.core.globname → Corelib.Init.Datatypes.list skylabs.lang.cpp.syntax.core.globname → skylabs.lang.cpp.algebra.cfrac.cQp.t → skylabs.lang.cpp.semantics.values.PTRS_INTF_AXIOM.ptr → skylabs.iris.extra.base_logic.mpred.mpred
Corelib.Numbers.Cyclic.Int63.PrimInt63.int : Set
skylabs.lang.cpp.logic.mpred.LC.cppPreG : iris.base_logic.lib.iprop.gFunctors → Type
Corelib.Strings.PrimString.compare : Corelib.Strings.PrimString.string → Corelib.Strings.PrimString.string → Corelib.Init.Datatypes.comparison
Corelib.Numbers.Cyclic.Int63.PrimInt63.compare : Corelib.Numbers.Cyclic.Int63.PrimInt63.int → Corelib.Numbers.Cyclic.Int63.PrimInt63.int → Corelib.Init.Datatypes.comparison
Corelib.Numbers.Cyclic.Int63.PrimInt63.add : Corelib.Numbers.Cyclic.Int63.PrimInt63.int → Corelib.Numbers.Cyclic.Int63.PrimInt63.int → Corelib.Numbers.Cyclic.Int63.PrimInt63.int
skylabs.lang.cpp.logic.pred.L._valid_ptr_persistent : skylabs.iris.extra.bi.derived_laws.nary.Persistent5 (@skylabs.lang.cpp.logic.pred.L._valid_ptr)
skylabs.lang.cpp.logic.pred.L._valid_ptr : ∀ (thread_info : iris.bi.monpred.biIndex) (_Σ : iris.base_logic.lib.iprop.gFunctors), skylabs.lang.cpp.logic.mpred.LC.cpp_logic thread_info _Σ → skylabs.lang.cpp.logic.pred.validity_type → skylabs.lang.cpp.semantics.values.PTRS_INTF_AXIOM.ptr → skylabs.iris.extra.base_logic.mpred.mpred
skylabs.lang.cpp.logic.mpred.LC._cpp_ghost : Type
skylabs.lang.cpp.semantics.values.PTRS_INTF_AXIOM.__offset_ptr : skylabs.lang.cpp.semantics.values.PTRS_INTF_AXIOM.ptr → skylabs.lang.cpp.semantics.values.PTRS_INTF_AXIOM.offset → skylabs.lang.cpp.semantics.values.PTRS_INTF_AXIOM.ptr
skylabs.lang.cpp.semantics.values.PTRS_INTF_AXIOM.__o_dot : skylabs.lang.cpp.semantics.values.PTRS_INTF_AXIOM.offset → skylabs.lang.cpp.semantics.values.PTRS_INTF_AXIOM.offset → skylabs.lang.cpp.semantics.values.PTRS_INTF_AXIOM.offset
Axioms:
skylabs.lang.cpp.syntax.compare.compareN is assumed to be guarded.
skylabs.lang.cpp.logic.pred.L.union_padding_type_ptr_observe : ∀ (thread_info : iris.bi.monpred.biIndex) (_Σ : iris.base_logic.lib.iprop.gFunctors) (H : skylabs.lang.cpp.logic.mpred.LC.cpp_logic thread_info _Σ) (σ : skylabs.lang.cpp.semantics.genv.genv) (p : skylabs.lang.cpp.semantics.values.PTRS_INTF_AXIOM.ptr) (cls : skylabs.lang.cpp.syntax.core.name) (q : skylabs.lang.cpp.algebra.cfrac.cQp.t) (active : Corelib.Init.Datatypes.option Corelib.Init.Datatypes.nat), skylabs.iris.extra.bi.observe.Observe (skylabs.lang.cpp.logic.pred.L.type_ptr (skylabs.lang.cpp.syntax.core.Tnamed cls) p) (skylabs.lang.cpp.logic.pred.L.union_padding p cls q active)
skylabs.lang.cpp.logic.pred.L.union_padding : ∀ (thread_info : iris.bi.monpred.biIndex) (_Σ : iris.base_logic.lib.iprop.gFunctors), skylabs.lang.cpp.logic.mpred.LC.cpp_logic thread_info _Σ → skylabs.lang.cpp.semantics.genv.genv → skylabs.lang.cpp.semantics.values.PTRS_INTF_AXIOM.ptr → skylabs.lang.cpp.syntax.core.globname → skylabs.lang.cpp.algebra.cfrac.cQp.t → Corelib.Init.Datatypes.option Corelib.Init.Datatypes.nat → skylabs.iris.extra.base_logic.mpred.mpred
skylabs.lang.cpp.logic.pred.L.type_ptr_strict_valid : ∀ (thread_info : iris.bi.monpred.biIndex) (_Σ : iris.base_logic.lib.iprop.gFunctors) (H : skylabs.lang.cpp.logic.mpred.LC.cpp_logic thread_info _Σ) (σ : skylabs.lang.cpp.semantics.genv.genv) (ty : skylabs.lang.cpp.syntax.core.type) (p : skylabs.lang.cpp.semantics.values.PTRS_INTF_AXIOM.ptr), skylabs.lang.cpp.logic.pred.L.type_ptr ty p ⊢ skylabs.lang.cpp.logic.pred.L.strict_valid_ptr p
skylabs.lang.cpp.logic.pred.L.type_ptr_size : ∀ (thread_info : iris.bi.monpred.biIndex) (_Σ : iris.base_logic.lib.iprop.gFunctors) (H : skylabs.lang.cpp.logic.mpred.LC.cpp_logic thread_info _Σ) (σ : skylabs.lang.cpp.semantics.genv.genv) (ty : skylabs.lang.cpp.syntax.core.type) (p : skylabs.lang.cpp.semantics.values.PTRS_INTF_AXIOM.ptr), skylabs.lang.cpp.logic.pred.L.type_ptr ty p ⊢ [| stdpp.base.is_Some (skylabs.lang.cpp.semantics.types.size_of σ ty) |]
skylabs.lang.cpp.logic.pred.L.type_ptr : ∀ (thread_info : iris.bi.monpred.biIndex) (_Σ : iris.base_logic.lib.iprop.gFunctors), skylabs.lang.cpp.logic.mpred.LC.cpp_logic thread_info _Σ → skylabs.lang.cpp.semantics.genv.genv → skylabs.lang.cpp.syntax.core.type → skylabs.lang.cpp.semantics.values.PTRS_INTF_AXIOM.ptr → skylabs.iris.extra.base_logic.mpred.mpred
skylabs.lang.cpp.logic.pred.L.tptsto_type_ptr : ∀ (thread_info : iris.bi.monpred.biIndex) (_Σ : iris.base_logic.lib.iprop.gFunctors) (H : skylabs.lang.cpp.logic.mpred.LC.cpp_logic thread_info _Σ) (σ : skylabs.lang.cpp.semantics.genv.genv) (ty : skylabs.lang.cpp.syntax.core.type) (q : skylabs.lang.cpp.algebra.cfrac.cQp.t) (p : skylabs.lang.cpp.semantics.values.PTRS_INTF_AXIOM.ptr) (v : skylabs.lang.cpp.semantics.values.VALUES_INTF_AXIOM.val), skylabs.iris.extra.bi.observe.Observe (skylabs.lang.cpp.logic.pred.L.type_ptr ty p) (skylabs.lang.cpp.logic.pred.L.tptsto ty q p v)
skylabs.lang.cpp.logic.pred.L.tptsto : ∀ (thread_info : iris.bi.monpred.biIndex) (_Σ : iris.base_logic.lib.iprop.gFunctors), skylabs.lang.cpp.logic.mpred.LC.cpp_logic thread_info _Σ → skylabs.lang.cpp.semantics.genv.genv → skylabs.lang.cpp.syntax.core.type → skylabs.lang.cpp.algebra.cfrac.cQp.t → skylabs.lang.cpp.semantics.values.PTRS_INTF_AXIOM.ptr → skylabs.lang.cpp.semantics.values.VALUES_INTF_AXIOM.val → skylabs.iris.extra.base_logic.mpred.mpred
skylabs.lang.cpp.logic.pred.L.struct_padding_type_ptr_observe : ∀ (thread_info : iris.bi.monpred.biIndex) (_Σ : iris.base_logic.lib.iprop.gFunctors) (H : skylabs.lang.cpp.logic.mpred.LC.cpp_logic thread_info _Σ) (σ : skylabs.lang.cpp.semantics.genv.genv) (p : skylabs.lang.cpp.semantics.values.PTRS_INTF_AXIOM.ptr) (cls : skylabs.lang.cpp.syntax.core.name) (q : skylabs.lang.cpp.algebra.cfrac.cQp.t), skylabs.iris.extra.bi.observe.Observe (skylabs.lang.cpp.logic.pred.L.type_ptr (skylabs.lang.cpp.syntax.core.Tnamed cls) p) (skylabs.lang.cpp.logic.pred.L.struct_padding p cls q)
skylabs.lang.cpp.logic.pred.L.struct_padding : ∀ (thread_info : iris.bi.monpred.biIndex) (_Σ : iris.base_logic.lib.iprop.gFunctors), skylabs.lang.cpp.logic.mpred.LC.cpp_logic thread_info _Σ → skylabs.lang.cpp.semantics.genv.genv → skylabs.lang.cpp.semantics.values.PTRS_INTF_AXIOM.ptr → skylabs.lang.cpp.syntax.core.globname → skylabs.lang.cpp.algebra.cfrac.cQp.t → skylabs.iris.extra.base_logic.mpred.mpred
Corelib.Strings.PrimString.string : Set
skylabs.lang.cpp.logic.pred.L.strict_valid_valid : ∀ (thread_info : iris.bi.monpred.biIndex) (_Σ : iris.base_logic.lib.iprop.gFunctors) (H : skylabs.lang.cpp.logic.mpred.LC.cpp_logic thread_info _Σ) (p : skylabs.lang.cpp.semantics.values.PTRS_INTF_AXIOM.ptr), skylabs.lang.cpp.logic.pred.L.strict_valid_ptr p ⊢ skylabs.lang.cpp.logic.pred.L.valid_ptr p
skylabs.lang.cpp.semantics.values.VALUES_INTF_AXIOM.raw_byte : Set
skylabs.lang.cpp.semantics.values.PTRS_INTF_AXIOM.ptr_vaddr : skylabs.lang.cpp.semantics.genv.genv → skylabs.lang.cpp.semantics.values.PTRS_INTF_AXIOM.ptr → Corelib.Init.Datatypes.option skylabs.prelude.addr.vaddr
skylabs.lang.cpp.semantics.values.PTRS_INTF_AXIOM.ptr : Set
skylabs.lang.cpp.semantics.values.PTRS_INTF_AXIOM.offset_ptr_id : ∀ p : skylabs.lang.cpp.semantics.values.PTRS_INTF_AXIOM.ptr, p ,, skylabs.lang.cpp.semantics.values.PTRS_INTF_AXIOM.o_id = p
skylabs.lang.cpp.semantics.values.PTRS_INTF_AXIOM.offset_ptr_dot : ∀ (p : skylabs.lang.cpp.semantics.values.PTRS_INTF_AXIOM.ptr) (o1 : skylabs.lang.cpp.semantics.values.PTRS_INTF_AXIOM.DOT_from skylabs.lang.cpp.semantics.values.PTRS_INTF_AXIOM.DOT_offset_offset) (o2 : skylabs.lang.cpp.semantics.values.PTRS_INTF_AXIOM.offset), p ,, (o1 ,, o2) = p ,, o1 ,, o2
skylabs.lang.cpp.logic.pred.L.offset_inv_pinned_ptr_pure : ∀ (thread_info : iris.bi.monpred.biIndex) (_Σ : iris.base_logic.lib.iprop.gFunctors) (H : skylabs.lang.cpp.logic.mpred.LC.cpp_logic thread_info _Σ) (σ : skylabs.lang.cpp.semantics.genv.genv) (o : skylabs.lang.cpp.semantics.values.PTRS_INTF_AXIOM.offset) (z : Corelib.Numbers.BinNums.Z) (va : skylabs.prelude.addr.vaddr) (p : skylabs.lang.cpp.semantics.values.PTRS_INTF_AXIOM.ptr), skylabs.lang.cpp.semantics.values.PTRS_INTF_AXIOM.eval_offset σ o = Corelib.Init.Datatypes.Some z → skylabs.lang.cpp.semantics.values.PTRS_INTF_AXIOM.ptr_vaddr (p ,, o) = Corelib.Init.Datatypes.Some va → skylabs.lang.cpp.logic.pred.L.valid_ptr (p ,, o) ⊢ [| (0 ≤ va - z)%Z |] ∗ [| skylabs.lang.cpp.semantics.values.PTRS_INTF_AXIOM.ptr_vaddr p = Corelib.Init.Datatypes.Some (Stdlib.ZArith.BinInt.Z.to_N (va - z)) |]
skylabs.lang.cpp.semantics.values.PTRS_INTF_AXIOM.offset : Set
skylabs.lang.cpp.semantics.values.PTRS_INTF_AXIOM.o_sub_0 : ∀ (σ : skylabs.lang.cpp.semantics.genv.genv) (ty : skylabs.lang.cpp.syntax.core.type), stdpp.base.is_Some (skylabs.lang.cpp.semantics.types.size_of σ ty) → .[ ty ! 0 ] = skylabs.lang.cpp.semantics.values.PTRS_INTF_AXIOM.o_id
skylabs.lang.cpp.semantics.values.PTRS_INTF_AXIOM.o_sub : skylabs.lang.cpp.semantics.genv.genv → skylabs.lang.cpp.syntax.core.type → Corelib.Numbers.BinNums.Z → skylabs.lang.cpp.semantics.values.PTRS_INTF_AXIOM.offset
skylabs.lang.cpp.semantics.values.PTRS_INTF_AXIOM.o_id : skylabs.lang.cpp.semantics.values.PTRS_INTF_AXIOM.offset
skylabs.lang.cpp.semantics.values.PTRS_INTF_AXIOM.o_field : skylabs.lang.cpp.semantics.genv.genv → skylabs.lang.cpp.syntax.core.name → skylabs.lang.cpp.semantics.values.PTRS_INTF_AXIOM.offset
skylabs.lang.cpp.semantics.values.PTRS_INTF_AXIOM.o_dot_sub : ∀ (σ : skylabs.lang.cpp.semantics.genv.genv) (i j : Corelib.Numbers.BinNums.Z) (ty : skylabs.lang.cpp.syntax.core.type), .[ ty ! i ] .[ ty ! j ] = .[ ty ! i + j ]
skylabs.lang.cpp.semantics.values.PTRS_INTF_AXIOM.o_base : skylabs.lang.cpp.semantics.genv.genv → skylabs.lang.cpp.syntax.core.name → skylabs.lang.cpp.syntax.core.name → skylabs.lang.cpp.semantics.values.PTRS_INTF_AXIOM.offset
skylabs.lang.cpp.semantics.values.PTRS_INTF_AXIOM.nullptr : skylabs.lang.cpp.semantics.values.PTRS_INTF_AXIOM.ptr
skylabs.lang.cpp.syntax.compare.name_comparison : skylabs.prelude.base.Comparison skylabs.lang.cpp.syntax.compare.compareN
Corelib.Numbers.Cyclic.Int63.PrimInt63.mul : Corelib.Numbers.Cyclic.Int63.PrimInt63.int → Corelib.Numbers.Cyclic.Int63.PrimInt63.int → Corelib.Numbers.Cyclic.Int63.PrimInt63.int
skylabs.lang.cpp.logic.pred.L.mdc_path : ∀ (thread_info : iris.bi.monpred.biIndex) (_Σ : iris.base_logic.lib.iprop.gFunctors), skylabs.lang.cpp.logic.mpred.LC.cpp_logic thread_info _Σ → skylabs.lang.cpp.semantics.genv.genv → skylabs.lang.cpp.syntax.core.globname → Corelib.Init.Datatypes.list skylabs.lang.cpp.syntax.core.globname → skylabs.lang.cpp.algebra.cfrac.cQp.t → skylabs.lang.cpp.semantics.values.PTRS_INTF_AXIOM.ptr → skylabs.iris.extra.base_logic.mpred.mpred
Corelib.Numbers.Cyclic.Int63.PrimInt63.int : Set
skylabs.lang.cpp.semantics.values.PTRS_INTF_AXIOM.eval_offset : skylabs.lang.cpp.semantics.genv.genv → skylabs.lang.cpp.semantics.values.PTRS_INTF_AXIOM.offset → Corelib.Init.Datatypes.option Corelib.Numbers.BinNums.Z
skylabs.lang.cpp.semantics.values.PTRS_INTF_AXIOM.eval_o_sub' : ∀ (σ : skylabs.lang.cpp.semantics.genv.genv) (ty : skylabs.lang.cpp.syntax.core.type) (i : Corelib.Numbers.BinNums.Z) (sz : Corelib.Numbers.BinNums.N), skylabs.lang.cpp.semantics.types.size_of σ ty = Corelib.Init.Datatypes.Some sz → skylabs.lang.cpp.semantics.values.PTRS_INTF_AXIOM.eval_offset σ (.[ ty ! i ]) = Corelib.Init.Datatypes.Some (sz * i)%Z
skylabs.lang.cpp.logic.mpred.LC.cppPreG : iris.base_logic.lib.iprop.gFunctors → Type
Corelib.Strings.PrimString.compare : Corelib.Strings.PrimString.string → Corelib.Strings.PrimString.string → Corelib.Init.Datatypes.comparison
Corelib.Numbers.Cyclic.Int63.PrimInt63.compare : Corelib.Numbers.Cyclic.Int63.PrimInt63.int → Corelib.Numbers.Cyclic.Int63.PrimInt63.int → Corelib.Init.Datatypes.comparison
skylabs.lang.cpp.semantics.types.align_of_size_of' : ∀ (σ : skylabs.lang.cpp.semantics.genv.genv) (t : skylabs.lang.cpp.syntax.core.type) (sz : Corelib.Numbers.BinNums.N), skylabs.lang.cpp.semantics.types.size_of σ t = Corelib.Init.Datatypes.Some sz → ∃ al : Corelib.Numbers.BinNums.N, skylabs.lang.cpp.semantics.types.align_of t = Corelib.Init.Datatypes.Some al ∧ al ≠ 0%N ∧ (al | sz)%N
skylabs.lang.cpp.semantics.types.align_of_array : ∀ (σ : skylabs.lang.cpp.semantics.genv.genv) (ty : skylabs.lang.cpp.syntax.core.type) (n : Corelib.Numbers.BinNums.N), skylabs.lang.cpp.semantics.types.align_of (skylabs.lang.cpp.syntax.core.Tarray ty n) = skylabs.lang.cpp.semantics.types.align_of ty
skylabs.lang.cpp.semantics.types.align_of : skylabs.lang.cpp.semantics.genv.genv → skylabs.lang.cpp.syntax.core.type → Corelib.Init.Datatypes.option Corelib.Numbers.BinNums.N
Corelib.Numbers.Cyclic.Int63.PrimInt63.add : Corelib.Numbers.Cyclic.Int63.PrimInt63.int → Corelib.Numbers.Cyclic.Int63.PrimInt63.int → Corelib.Numbers.Cyclic.Int63.PrimInt63.int
skylabs.lang.cpp.logic.pred.L._valid_ptr_persistent : skylabs.iris.extra.bi.derived_laws.nary.Persistent5 (@skylabs.lang.cpp.logic.pred.L._valid_ptr)
skylabs.lang.cpp.logic.pred.L._valid_ptr_affine : skylabs.iris.extra.bi.derived_laws.nary.Affine5 (@skylabs.lang.cpp.logic.pred.L._valid_ptr)
skylabs.lang.cpp.logic.pred.L._valid_ptr : ∀ (thread_info : iris.bi.monpred.biIndex) (_Σ : iris.base_logic.lib.iprop.gFunctors), skylabs.lang.cpp.logic.mpred.LC.cpp_logic thread_info _Σ → skylabs.lang.cpp.logic.pred.validity_type → skylabs.lang.cpp.semantics.values.PTRS_INTF_AXIOM.ptr → skylabs.iris.extra.base_logic.mpred.mpred
skylabs.lang.cpp.logic.mpred.LC._cpp_ghost : Type
skylabs.lang.cpp.semantics.values.PTRS_INTF_AXIOM.__offset_ptr : skylabs.lang.cpp.semantics.values.PTRS_INTF_AXIOM.ptr → skylabs.lang.cpp.semantics.values.PTRS_INTF_AXIOM.offset → skylabs.lang.cpp.semantics.values.PTRS_INTF_AXIOM.ptr
skylabs.lang.cpp.semantics.values.PTRS_INTF_AXIOM.__o_dot : skylabs.lang.cpp.semantics.values.PTRS_INTF_AXIOM.offset → skylabs.lang.cpp.semantics.values.PTRS_INTF_AXIOM.offset → skylabs.lang.cpp.semantics.values.PTRS_INTF_AXIOM.offset
