File "./fmdeps/BRiCk/rocq-skylabs-brick/tests/field_notation.v", line 7, characters 21-26:
The command has indeed failed with message:
Cannot interpret this string as a value of type core.field
File "./fmdeps/BRiCk/rocq-skylabs-brick/tests/field_notation.v", line 10, characters 14-19:
The command has indeed failed with message:
Cannot interpret this string as a value of type core.field
1 goal
  
  thread_info : biIndex
  _Σ : gFunctors
  Σ : cpp_logic thread_info _Σ
  σ : genv
  ============================
  ∀ this : ptr, this ,, o_field σ "C::foo" |-> anyR "int" 1$m ⊢ emp
1 goal
  
  thread_info : biIndex
  _Σ : gFunctors
  Σ : cpp_logic thread_info _Σ
  σ : genv
  ============================
  ∀ this : ptr, this ,, o_field σ "C::foo" |-> anyR "int" 1$m ⊢ emp
"foo"%cpp_name
     : name
"foo::bar"%cpp_name
     : name
