Axioms:
skylabs.lang.cpp.syntax.compare.compareT is assumed to be guarded.
skylabs.lang.cpp.syntax.compare.compareS is assumed to be guarded.
skylabs.lang.cpp.syntax.compare.compareN is assumed to be guarded.
skylabs.lang.cpp.syntax.compare.compareE is assumed to be guarded.
skylabs.lang.cpp.syntax.compare.type_leibniz_comparison :
  skylabs.prelude.compare.LeibnizComparison.C
    skylabs.lang.cpp.syntax.compare.compareT
skylabs.lang.cpp.syntax.compare.type_comparison :
  skylabs.prelude.base.Comparison skylabs.lang.cpp.syntax.compare.compareT
Corelib.Numbers.Cyclic.Int63.PrimInt63.sub :
  Corelib.Numbers.Cyclic.Int63.PrimInt63.int ->
  Corelib.Numbers.Cyclic.Int63.PrimInt63.int ->
  Corelib.Numbers.Cyclic.Int63.PrimInt63.int
Corelib.Strings.PrimString.string : Set
skylabs.lang.cpp.model.inductive_pointers.PTRS_IMPL.root_ptr_countable :
  stdpp.countable.Countable
    skylabs.lang.cpp.model.inductive_pointers.PTRS_IMPL.root_ptr
skylabs.lang.cpp.model.inductive_pointers.PTRS_IMPL.raw_offset_seg_countable :
  stdpp.countable.Countable
    skylabs.lang.cpp.model.inductive_pointers.PTRS_IMPL.raw_offset_seg
skylabs.lang.cpp.model.simple_pred.VALUES_DEFS_IMPL.raw_byte : Set
Corelib.Strings.PrimStringAxioms.of_to_list :
  forall s : Corelib.Strings.PrimString.string,
  Corelib.Strings.PrimStringAxioms.of_list
    (Corelib.Strings.PrimStringAxioms.to_list s) =
  s
Corelib.Numbers.Cyclic.Int63.Uint63Axioms.of_to_Z :
  forall x : Corelib.Numbers.Cyclic.Int63.PrimInt63.int,
  Corelib.Numbers.Cyclic.Int63.Uint63Axioms.of_Z
    (Corelib.Numbers.Cyclic.Int63.Uint63Axioms.to_Z x) =
  x
skylabs.lang.cpp.syntax.compare.name_leibniz_comparison :
  skylabs.prelude.compare.LeibnizComparison.C
    skylabs.lang.cpp.syntax.compare.compareN
skylabs.lang.cpp.syntax.compare.name_comparison :
  skylabs.prelude.base.Comparison skylabs.lang.cpp.syntax.compare.compareN
Corelib.Numbers.Cyclic.Int63.PrimInt63.mul :
  Corelib.Numbers.Cyclic.Int63.PrimInt63.int ->
  Corelib.Numbers.Cyclic.Int63.PrimInt63.int ->
  Corelib.Numbers.Cyclic.Int63.PrimInt63.int
Corelib.Strings.PrimString.make :
  Corelib.Numbers.Cyclic.Int63.PrimInt63.int ->
  Corelib.Strings.PrimString.char63 -> Corelib.Strings.PrimString.string
Corelib.Numbers.Cyclic.Int63.Uint63Axioms.ltb_spec :
  forall x y : Corelib.Numbers.Cyclic.Int63.PrimInt63.int,
  Corelib.Numbers.Cyclic.Int63.PrimInt63.ltb x y =
  Corelib.Init.Datatypes.true <->
  Corelib.BinNums.IntDef.Z.lt
    (Corelib.Numbers.Cyclic.Int63.Uint63Axioms.to_Z x)
    (Corelib.Numbers.Cyclic.Int63.Uint63Axioms.to_Z y)
Corelib.Numbers.Cyclic.Int63.PrimInt63.ltb :
  Corelib.Numbers.Cyclic.Int63.PrimInt63.int ->
  Corelib.Numbers.Cyclic.Int63.PrimInt63.int -> Corelib.Init.Datatypes.bool
Corelib.Numbers.Cyclic.Int63.PrimInt63.lsr :
  Corelib.Numbers.Cyclic.Int63.PrimInt63.int ->
  Corelib.Numbers.Cyclic.Int63.PrimInt63.int ->
  Corelib.Numbers.Cyclic.Int63.PrimInt63.int
Corelib.Numbers.Cyclic.Int63.PrimInt63.lsl :
  Corelib.Numbers.Cyclic.Int63.PrimInt63.int ->
  Corelib.Numbers.Cyclic.Int63.PrimInt63.int ->
  Corelib.Numbers.Cyclic.Int63.PrimInt63.int
Corelib.Numbers.Cyclic.Int63.PrimInt63.lor :
  Corelib.Numbers.Cyclic.Int63.PrimInt63.int ->
  Corelib.Numbers.Cyclic.Int63.PrimInt63.int ->
  Corelib.Numbers.Cyclic.Int63.PrimInt63.int
Corelib.Strings.PrimString.length :
  Corelib.Strings.PrimString.string ->
  Corelib.Numbers.Cyclic.Int63.PrimInt63.int
Corelib.Numbers.Cyclic.Int63.PrimInt63.land :
  Corelib.Numbers.Cyclic.Int63.PrimInt63.int ->
  Corelib.Numbers.Cyclic.Int63.PrimInt63.int ->
  Corelib.Numbers.Cyclic.Int63.PrimInt63.int
Corelib.Numbers.Cyclic.Int63.PrimInt63.int : Set
skylabs.lang.cpp.model.simple_pred.VALUES_DEFS_IMPL.has_type_prop_erase_qualifiers :
  forall (σ : skylabs.lang.cpp.semantics.genv.genv)
    (v : skylabs.lang.cpp.model.simple_pred.VALUES_DEFS_IMPL.val)
    (ty : skylabs.lang.cpp.syntax.core.type),
  skylabs.lang.cpp.model.simple_pred.VALUES_DEFS_IMPL.has_type_prop v ty <->
  skylabs.lang.cpp.model.simple_pred.VALUES_DEFS_IMPL.has_type_prop v
    (skylabs.lang.cpp.syntax.types.erase_qualifiers ty)
skylabs.lang.cpp.model.simple_pred.VALUES_DEFS_IMPL.has_type_prop :
  skylabs.lang.cpp.semantics.genv.genv ->
  skylabs.lang.cpp.model.simple_pred.VALUES_DEFS_IMPL.val ->
  skylabs.lang.cpp.syntax.core.type -> Prop
skylabs.lang.cpp.model.simple_pointers_utils.global_ptr_encode_vaddr :
  skylabs.lang.cpp.syntax.core.obj_name -> skylabs.prelude.addr.vaddr
Corelib.Strings.PrimString.get :
  Corelib.Strings.PrimString.string ->
  Corelib.Numbers.Cyclic.Int63.PrimInt63.int ->
  Corelib.Strings.PrimString.char63
Corelib.Numbers.Cyclic.Int63.Uint63Axioms.eqb_refl :
  forall x : Corelib.Numbers.Cyclic.Int63.PrimInt63.int,
  Corelib.Numbers.Cyclic.Int63.PrimInt63.eqb x x =
  Corelib.Init.Datatypes.true
Corelib.Numbers.Cyclic.Int63.Uint63Axioms.eqb_correct :
  forall i j : Corelib.Numbers.Cyclic.Int63.PrimInt63.int,
  Corelib.Numbers.Cyclic.Int63.PrimInt63.eqb i j =
  Corelib.Init.Datatypes.true -> i = j
Corelib.Numbers.Cyclic.Int63.PrimInt63.eqb :
  Corelib.Numbers.Cyclic.Int63.PrimInt63.int ->
  Corelib.Numbers.Cyclic.Int63.PrimInt63.int -> Corelib.Init.Datatypes.bool
Corelib.Strings.PrimStringAxioms.compare_spec :
  forall s1 s2 : Corelib.Strings.PrimString.string,
  Corelib.Strings.PrimString.compare s1 s2 =
  Corelib.Lists.ListDef.list_compare
    Corelib.Numbers.Cyclic.Int63.PrimInt63.compare
    (Corelib.Strings.PrimStringAxioms.to_list s1)
    (Corelib.Strings.PrimStringAxioms.to_list s2)
Corelib.Numbers.Cyclic.Int63.Uint63Axioms.compare_def_spec :
  forall x y : Corelib.Numbers.Cyclic.Int63.PrimInt63.int,
  Corelib.Numbers.Cyclic.Int63.PrimInt63.compare x y =
  Corelib.Numbers.Cyclic.Int63.Uint63Axioms.compare_def x y
Corelib.Strings.PrimString.compare :
  Corelib.Strings.PrimString.string ->
  Corelib.Strings.PrimString.string -> Corelib.Init.Datatypes.comparison
Corelib.Numbers.Cyclic.Int63.PrimInt63.compare :
  Corelib.Numbers.Cyclic.Int63.PrimInt63.int ->
  Corelib.Numbers.Cyclic.Int63.PrimInt63.int ->
  Corelib.Init.Datatypes.comparison
Corelib.Strings.PrimString.cat :
  Corelib.Strings.PrimString.string ->
  Corelib.Strings.PrimString.string -> Corelib.Strings.PrimString.string
skylabs.lang.cpp.semantics.types.align_of_erase_qualifiers :
  forall (σ : skylabs.lang.cpp.semantics.genv.genv)
    (t : skylabs.lang.cpp.syntax.core.type),
  skylabs.lang.cpp.semantics.types.align_of
    (skylabs.lang.cpp.syntax.types.erase_qualifiers t) =
  skylabs.lang.cpp.semantics.types.align_of t
skylabs.lang.cpp.semantics.types.align_of :
  skylabs.lang.cpp.semantics.genv.genv ->
  skylabs.lang.cpp.syntax.core.type ->
  Corelib.Init.Datatypes.option Corelib.Numbers.BinNums.N
Corelib.Numbers.Cyclic.Int63.PrimInt63.add :
  Corelib.Numbers.Cyclic.Int63.PrimInt63.int ->
  Corelib.Numbers.Cyclic.Int63.PrimInt63.int ->
  Corelib.Numbers.Cyclic.Int63.PrimInt63.int
skylabs.lang.cpp.syntax.compare.Stmt_leibniz_comparison :
  skylabs.prelude.compare.LeibnizComparison.C
    skylabs.lang.cpp.syntax.compare.compareS
skylabs.lang.cpp.syntax.compare.Stmt_comparison :
  skylabs.prelude.base.Comparison skylabs.lang.cpp.syntax.compare.compareS
skylabs.lang.cpp.syntax.compare.Expr_leibniz_comparison :
  skylabs.prelude.compare.LeibnizComparison.C
    skylabs.lang.cpp.syntax.compare.compareE
skylabs.lang.cpp.syntax.compare.Expr_comparison :
  skylabs.prelude.base.Comparison skylabs.lang.cpp.syntax.compare.compareE
Axioms:
skylabs.lang.cpp.syntax.compare.compareT is assumed to be guarded.
skylabs.lang.cpp.syntax.compare.compareS is assumed to be guarded.
skylabs.lang.cpp.syntax.compare.compareN is assumed to be guarded.
skylabs.lang.cpp.syntax.compare.compareE is assumed to be guarded.
skylabs.lang.cpp.syntax.compare.type_leibniz_comparison :
  skylabs.prelude.compare.LeibnizComparison.C
    skylabs.lang.cpp.syntax.compare.compareT
skylabs.lang.cpp.syntax.compare.type_comparison :
  skylabs.prelude.base.Comparison skylabs.lang.cpp.syntax.compare.compareT
Corelib.Numbers.Cyclic.Int63.PrimInt63.sub :
  Corelib.Numbers.Cyclic.Int63.PrimInt63.int ->
  Corelib.Numbers.Cyclic.Int63.PrimInt63.int ->
  Corelib.Numbers.Cyclic.Int63.PrimInt63.int
Corelib.Strings.PrimString.string : Set
skylabs.lang.cpp.model.inductive_pointers.PTRS_IMPL.root_ptr_countable :
  stdpp.countable.Countable
    skylabs.lang.cpp.model.inductive_pointers.PTRS_IMPL.root_ptr
skylabs.lang.cpp.model.inductive_pointers.PTRS_IMPL.raw_offset_seg_countable :
  stdpp.countable.Countable
    skylabs.lang.cpp.model.inductive_pointers.PTRS_IMPL.raw_offset_seg
skylabs.lang.cpp.model.simple_pred.VALUES_DEFS_IMPL.raw_byte : Set
Corelib.Strings.PrimStringAxioms.of_to_list :
  forall s : Corelib.Strings.PrimString.string,
  Corelib.Strings.PrimStringAxioms.of_list
    (Corelib.Strings.PrimStringAxioms.to_list s) =
  s
Corelib.Numbers.Cyclic.Int63.Uint63Axioms.of_to_Z :
  forall x : Corelib.Numbers.Cyclic.Int63.PrimInt63.int,
  Corelib.Numbers.Cyclic.Int63.Uint63Axioms.of_Z
    (Corelib.Numbers.Cyclic.Int63.Uint63Axioms.to_Z x) =
  x
skylabs.lang.cpp.syntax.compare.name_leibniz_comparison :
  skylabs.prelude.compare.LeibnizComparison.C
    skylabs.lang.cpp.syntax.compare.compareN
skylabs.lang.cpp.syntax.compare.name_comparison :
  skylabs.prelude.base.Comparison skylabs.lang.cpp.syntax.compare.compareN
Corelib.Numbers.Cyclic.Int63.PrimInt63.mul :
  Corelib.Numbers.Cyclic.Int63.PrimInt63.int ->
  Corelib.Numbers.Cyclic.Int63.PrimInt63.int ->
  Corelib.Numbers.Cyclic.Int63.PrimInt63.int
Corelib.Strings.PrimString.make :
  Corelib.Numbers.Cyclic.Int63.PrimInt63.int ->
  Corelib.Strings.PrimString.char63 -> Corelib.Strings.PrimString.string
Corelib.Numbers.Cyclic.Int63.Uint63Axioms.ltb_spec :
  forall x y : Corelib.Numbers.Cyclic.Int63.PrimInt63.int,
  Corelib.Numbers.Cyclic.Int63.PrimInt63.ltb x y =
  Corelib.Init.Datatypes.true <->
  Corelib.BinNums.IntDef.Z.lt
    (Corelib.Numbers.Cyclic.Int63.Uint63Axioms.to_Z x)
    (Corelib.Numbers.Cyclic.Int63.Uint63Axioms.to_Z y)
Corelib.Numbers.Cyclic.Int63.PrimInt63.ltb :
  Corelib.Numbers.Cyclic.Int63.PrimInt63.int ->
  Corelib.Numbers.Cyclic.Int63.PrimInt63.int -> Corelib.Init.Datatypes.bool
Corelib.Numbers.Cyclic.Int63.PrimInt63.lsr :
  Corelib.Numbers.Cyclic.Int63.PrimInt63.int ->
  Corelib.Numbers.Cyclic.Int63.PrimInt63.int ->
  Corelib.Numbers.Cyclic.Int63.PrimInt63.int
Corelib.Numbers.Cyclic.Int63.PrimInt63.lsl :
  Corelib.Numbers.Cyclic.Int63.PrimInt63.int ->
  Corelib.Numbers.Cyclic.Int63.PrimInt63.int ->
  Corelib.Numbers.Cyclic.Int63.PrimInt63.int
Corelib.Numbers.Cyclic.Int63.PrimInt63.lor :
  Corelib.Numbers.Cyclic.Int63.PrimInt63.int ->
  Corelib.Numbers.Cyclic.Int63.PrimInt63.int ->
  Corelib.Numbers.Cyclic.Int63.PrimInt63.int
Corelib.Strings.PrimString.length :
  Corelib.Strings.PrimString.string ->
  Corelib.Numbers.Cyclic.Int63.PrimInt63.int
Corelib.Numbers.Cyclic.Int63.PrimInt63.land :
  Corelib.Numbers.Cyclic.Int63.PrimInt63.int ->
  Corelib.Numbers.Cyclic.Int63.PrimInt63.int ->
  Corelib.Numbers.Cyclic.Int63.PrimInt63.int
Corelib.Numbers.Cyclic.Int63.PrimInt63.int : Set
skylabs.lang.cpp.model.simple_pred.VALUES_DEFS_IMPL.has_type_prop_pointer :
  forall (σ : skylabs.lang.cpp.semantics.genv.genv)
    (v : skylabs.lang.cpp.model.simple_pred.VALUES_DEFS_IMPL.val)
    (ty : skylabs.lang.cpp.syntax.core.type),
  skylabs.lang.cpp.model.simple_pred.VALUES_DEFS_IMPL.has_type_prop v
    (skylabs.lang.cpp.syntax.core.Tptr ty) <->
  (exists p : skylabs.lang.cpp.model.inductive_pointers.PTRS_IMPL.ptr,
     v = skylabs.lang.cpp.model.simple_pred.VALUES_DEFS_IMPL.Vptr p)
skylabs.lang.cpp.model.simple_pred.VALUES_DEFS_IMPL.has_type_prop :
  skylabs.lang.cpp.semantics.genv.genv ->
  skylabs.lang.cpp.model.simple_pred.VALUES_DEFS_IMPL.val ->
  skylabs.lang.cpp.syntax.core.type -> Prop
skylabs.lang.cpp.model.simple_pointers_utils.global_ptr_encode_vaddr :
  skylabs.lang.cpp.syntax.core.obj_name -> skylabs.prelude.addr.vaddr
Corelib.Strings.PrimString.get :
  Corelib.Strings.PrimString.string ->
  Corelib.Numbers.Cyclic.Int63.PrimInt63.int ->
  Corelib.Strings.PrimString.char63
Corelib.Numbers.Cyclic.Int63.Uint63Axioms.eqb_refl :
  forall x : Corelib.Numbers.Cyclic.Int63.PrimInt63.int,
  Corelib.Numbers.Cyclic.Int63.PrimInt63.eqb x x =
  Corelib.Init.Datatypes.true
Corelib.Numbers.Cyclic.Int63.Uint63Axioms.eqb_correct :
  forall i j : Corelib.Numbers.Cyclic.Int63.PrimInt63.int,
  Corelib.Numbers.Cyclic.Int63.PrimInt63.eqb i j =
  Corelib.Init.Datatypes.true -> i = j
Corelib.Numbers.Cyclic.Int63.PrimInt63.eqb :
  Corelib.Numbers.Cyclic.Int63.PrimInt63.int ->
  Corelib.Numbers.Cyclic.Int63.PrimInt63.int -> Corelib.Init.Datatypes.bool
Corelib.Strings.PrimStringAxioms.compare_spec :
  forall s1 s2 : Corelib.Strings.PrimString.string,
  Corelib.Strings.PrimString.compare s1 s2 =
  Corelib.Lists.ListDef.list_compare
    Corelib.Numbers.Cyclic.Int63.PrimInt63.compare
    (Corelib.Strings.PrimStringAxioms.to_list s1)
    (Corelib.Strings.PrimStringAxioms.to_list s2)
Corelib.Numbers.Cyclic.Int63.Uint63Axioms.compare_def_spec :
  forall x y : Corelib.Numbers.Cyclic.Int63.PrimInt63.int,
  Corelib.Numbers.Cyclic.Int63.PrimInt63.compare x y =
  Corelib.Numbers.Cyclic.Int63.Uint63Axioms.compare_def x y
Corelib.Strings.PrimString.compare :
  Corelib.Strings.PrimString.string ->
  Corelib.Strings.PrimString.string -> Corelib.Init.Datatypes.comparison
Corelib.Numbers.Cyclic.Int63.PrimInt63.compare :
  Corelib.Numbers.Cyclic.Int63.PrimInt63.int ->
  Corelib.Numbers.Cyclic.Int63.PrimInt63.int ->
  Corelib.Init.Datatypes.comparison
Corelib.Strings.PrimString.cat :
  Corelib.Strings.PrimString.string ->
  Corelib.Strings.PrimString.string -> Corelib.Strings.PrimString.string
skylabs.lang.cpp.semantics.types.align_of :
  skylabs.lang.cpp.semantics.genv.genv ->
  skylabs.lang.cpp.syntax.core.type ->
  Corelib.Init.Datatypes.option Corelib.Numbers.BinNums.N
Corelib.Numbers.Cyclic.Int63.PrimInt63.add :
  Corelib.Numbers.Cyclic.Int63.PrimInt63.int ->
  Corelib.Numbers.Cyclic.Int63.PrimInt63.int ->
  Corelib.Numbers.Cyclic.Int63.PrimInt63.int
skylabs.lang.cpp.syntax.compare.Stmt_leibniz_comparison :
  skylabs.prelude.compare.LeibnizComparison.C
    skylabs.lang.cpp.syntax.compare.compareS
skylabs.lang.cpp.syntax.compare.Stmt_comparison :
  skylabs.prelude.base.Comparison skylabs.lang.cpp.syntax.compare.compareS
skylabs.lang.cpp.syntax.compare.Expr_leibniz_comparison :
  skylabs.prelude.compare.LeibnizComparison.C
    skylabs.lang.cpp.syntax.compare.compareE
skylabs.lang.cpp.syntax.compare.Expr_comparison :
  skylabs.prelude.base.Comparison skylabs.lang.cpp.syntax.compare.compareE
Axioms:
skylabs.lang.cpp.syntax.compare.compareT is assumed to be guarded.
skylabs.lang.cpp.syntax.compare.compareS is assumed to be guarded.
skylabs.lang.cpp.syntax.compare.compareN is assumed to be guarded.
skylabs.lang.cpp.syntax.compare.compareE is assumed to be guarded.
skylabs.lang.cpp.syntax.compare.type_leibniz_comparison :
  skylabs.prelude.compare.LeibnizComparison.C
    skylabs.lang.cpp.syntax.compare.compareT
skylabs.lang.cpp.syntax.compare.type_comparison :
  skylabs.prelude.base.Comparison skylabs.lang.cpp.syntax.compare.compareT
Corelib.Numbers.Cyclic.Int63.PrimInt63.sub :
  Corelib.Numbers.Cyclic.Int63.PrimInt63.int ->
  Corelib.Numbers.Cyclic.Int63.PrimInt63.int ->
  Corelib.Numbers.Cyclic.Int63.PrimInt63.int
Corelib.Strings.PrimString.string : Set
skylabs.lang.cpp.model.inductive_pointers.PTRS_IMPL.root_ptr_countable :
  stdpp.countable.Countable
    skylabs.lang.cpp.model.inductive_pointers.PTRS_IMPL.root_ptr
skylabs.lang.cpp.model.inductive_pointers.PTRS_IMPL.raw_offset_seg_countable :
  stdpp.countable.Countable
    skylabs.lang.cpp.model.inductive_pointers.PTRS_IMPL.raw_offset_seg
skylabs.lang.cpp.model.simple_pred.VALUES_DEFS_IMPL.raw_byte : Set
Corelib.Strings.PrimStringAxioms.of_to_list :
  forall s : Corelib.Strings.PrimString.string,
  Corelib.Strings.PrimStringAxioms.of_list
    (Corelib.Strings.PrimStringAxioms.to_list s) =
  s
Corelib.Numbers.Cyclic.Int63.Uint63Axioms.of_to_Z :
  forall x : Corelib.Numbers.Cyclic.Int63.PrimInt63.int,
  Corelib.Numbers.Cyclic.Int63.Uint63Axioms.of_Z
    (Corelib.Numbers.Cyclic.Int63.Uint63Axioms.to_Z x) =
  x
skylabs.lang.cpp.syntax.compare.name_leibniz_comparison :
  skylabs.prelude.compare.LeibnizComparison.C
    skylabs.lang.cpp.syntax.compare.compareN
skylabs.lang.cpp.syntax.compare.name_comparison :
  skylabs.prelude.base.Comparison skylabs.lang.cpp.syntax.compare.compareN
Corelib.Numbers.Cyclic.Int63.PrimInt63.mul :
  Corelib.Numbers.Cyclic.Int63.PrimInt63.int ->
  Corelib.Numbers.Cyclic.Int63.PrimInt63.int ->
  Corelib.Numbers.Cyclic.Int63.PrimInt63.int
Corelib.Strings.PrimString.make :
  Corelib.Numbers.Cyclic.Int63.PrimInt63.int ->
  Corelib.Strings.PrimString.char63 -> Corelib.Strings.PrimString.string
Corelib.Numbers.Cyclic.Int63.Uint63Axioms.ltb_spec :
  forall x y : Corelib.Numbers.Cyclic.Int63.PrimInt63.int,
  Corelib.Numbers.Cyclic.Int63.PrimInt63.ltb x y =
  Corelib.Init.Datatypes.true <->
  Corelib.BinNums.IntDef.Z.lt
    (Corelib.Numbers.Cyclic.Int63.Uint63Axioms.to_Z x)
    (Corelib.Numbers.Cyclic.Int63.Uint63Axioms.to_Z y)
Corelib.Numbers.Cyclic.Int63.PrimInt63.ltb :
  Corelib.Numbers.Cyclic.Int63.PrimInt63.int ->
  Corelib.Numbers.Cyclic.Int63.PrimInt63.int -> Corelib.Init.Datatypes.bool
Corelib.Numbers.Cyclic.Int63.PrimInt63.lsr :
  Corelib.Numbers.Cyclic.Int63.PrimInt63.int ->
  Corelib.Numbers.Cyclic.Int63.PrimInt63.int ->
  Corelib.Numbers.Cyclic.Int63.PrimInt63.int
Corelib.Numbers.Cyclic.Int63.PrimInt63.lsl :
  Corelib.Numbers.Cyclic.Int63.PrimInt63.int ->
  Corelib.Numbers.Cyclic.Int63.PrimInt63.int ->
  Corelib.Numbers.Cyclic.Int63.PrimInt63.int
Corelib.Numbers.Cyclic.Int63.PrimInt63.lor :
  Corelib.Numbers.Cyclic.Int63.PrimInt63.int ->
  Corelib.Numbers.Cyclic.Int63.PrimInt63.int ->
  Corelib.Numbers.Cyclic.Int63.PrimInt63.int
Corelib.Strings.PrimString.length :
  Corelib.Strings.PrimString.string ->
  Corelib.Numbers.Cyclic.Int63.PrimInt63.int
Corelib.Numbers.Cyclic.Int63.PrimInt63.land :
  Corelib.Numbers.Cyclic.Int63.PrimInt63.int ->
  Corelib.Numbers.Cyclic.Int63.PrimInt63.int ->
  Corelib.Numbers.Cyclic.Int63.PrimInt63.int
Corelib.Numbers.Cyclic.Int63.PrimInt63.int : Set
skylabs.lang.cpp.model.simple_pred.VALUES_DEFS_IMPL.has_type_prop_ref :
  forall (σ : skylabs.lang.cpp.semantics.genv.genv)
    (v : skylabs.lang.cpp.model.simple_pred.VALUES_DEFS_IMPL.val)
    (ty : skylabs.lang.cpp.syntax.core.type),
  skylabs.lang.cpp.model.simple_pred.VALUES_DEFS_IMPL.has_type_prop v
    (skylabs.lang.cpp.syntax.core.Tref ty) <->
  (exists p : skylabs.lang.cpp.model.inductive_pointers.PTRS_IMPL.ptr,
     v = skylabs.lang.cpp.model.simple_pred.VALUES_DEFS_IMPL.Vptr p /\
     p <> skylabs.lang.cpp.model.inductive_pointers.PTRS_IMPL.nullptr)
skylabs.lang.cpp.model.simple_pred.VALUES_DEFS_IMPL.has_type_prop :
  skylabs.lang.cpp.semantics.genv.genv ->
  skylabs.lang.cpp.model.simple_pred.VALUES_DEFS_IMPL.val ->
  skylabs.lang.cpp.syntax.core.type -> Prop
skylabs.lang.cpp.model.simple_pointers_utils.global_ptr_encode_vaddr :
  skylabs.lang.cpp.syntax.core.obj_name -> skylabs.prelude.addr.vaddr
Corelib.Strings.PrimString.get :
  Corelib.Strings.PrimString.string ->
  Corelib.Numbers.Cyclic.Int63.PrimInt63.int ->
  Corelib.Strings.PrimString.char63
Corelib.Numbers.Cyclic.Int63.Uint63Axioms.eqb_refl :
  forall x : Corelib.Numbers.Cyclic.Int63.PrimInt63.int,
  Corelib.Numbers.Cyclic.Int63.PrimInt63.eqb x x =
  Corelib.Init.Datatypes.true
Corelib.Numbers.Cyclic.Int63.Uint63Axioms.eqb_correct :
  forall i j : Corelib.Numbers.Cyclic.Int63.PrimInt63.int,
  Corelib.Numbers.Cyclic.Int63.PrimInt63.eqb i j =
  Corelib.Init.Datatypes.true -> i = j
Corelib.Numbers.Cyclic.Int63.PrimInt63.eqb :
  Corelib.Numbers.Cyclic.Int63.PrimInt63.int ->
  Corelib.Numbers.Cyclic.Int63.PrimInt63.int -> Corelib.Init.Datatypes.bool
Corelib.Strings.PrimStringAxioms.compare_spec :
  forall s1 s2 : Corelib.Strings.PrimString.string,
  Corelib.Strings.PrimString.compare s1 s2 =
  Corelib.Lists.ListDef.list_compare
    Corelib.Numbers.Cyclic.Int63.PrimInt63.compare
    (Corelib.Strings.PrimStringAxioms.to_list s1)
    (Corelib.Strings.PrimStringAxioms.to_list s2)
Corelib.Numbers.Cyclic.Int63.Uint63Axioms.compare_def_spec :
  forall x y : Corelib.Numbers.Cyclic.Int63.PrimInt63.int,
  Corelib.Numbers.Cyclic.Int63.PrimInt63.compare x y =
  Corelib.Numbers.Cyclic.Int63.Uint63Axioms.compare_def x y
Corelib.Strings.PrimString.compare :
  Corelib.Strings.PrimString.string ->
  Corelib.Strings.PrimString.string -> Corelib.Init.Datatypes.comparison
Corelib.Numbers.Cyclic.Int63.PrimInt63.compare :
  Corelib.Numbers.Cyclic.Int63.PrimInt63.int ->
  Corelib.Numbers.Cyclic.Int63.PrimInt63.int ->
  Corelib.Init.Datatypes.comparison
Corelib.Strings.PrimString.cat :
  Corelib.Strings.PrimString.string ->
  Corelib.Strings.PrimString.string -> Corelib.Strings.PrimString.string
skylabs.lang.cpp.semantics.types.align_of :
  skylabs.lang.cpp.semantics.genv.genv ->
  skylabs.lang.cpp.syntax.core.type ->
  Corelib.Init.Datatypes.option Corelib.Numbers.BinNums.N
Corelib.Numbers.Cyclic.Int63.PrimInt63.add :
  Corelib.Numbers.Cyclic.Int63.PrimInt63.int ->
  Corelib.Numbers.Cyclic.Int63.PrimInt63.int ->
  Corelib.Numbers.Cyclic.Int63.PrimInt63.int
skylabs.lang.cpp.syntax.compare.Stmt_leibniz_comparison :
  skylabs.prelude.compare.LeibnizComparison.C
    skylabs.lang.cpp.syntax.compare.compareS
skylabs.lang.cpp.syntax.compare.Stmt_comparison :
  skylabs.prelude.base.Comparison skylabs.lang.cpp.syntax.compare.compareS
skylabs.lang.cpp.syntax.compare.Expr_leibniz_comparison :
  skylabs.prelude.compare.LeibnizComparison.C
    skylabs.lang.cpp.syntax.compare.compareE
skylabs.lang.cpp.syntax.compare.Expr_comparison :
  skylabs.prelude.base.Comparison skylabs.lang.cpp.syntax.compare.compareE
Axioms:
skylabs.lang.cpp.syntax.compare.compareT is assumed to be guarded.
skylabs.lang.cpp.syntax.compare.compareS is assumed to be guarded.
skylabs.lang.cpp.syntax.compare.compareN is assumed to be guarded.
skylabs.lang.cpp.syntax.compare.compareE is assumed to be guarded.
skylabs.lang.cpp.syntax.compare.type_leibniz_comparison :
  skylabs.prelude.compare.LeibnizComparison.C
    skylabs.lang.cpp.syntax.compare.compareT
skylabs.lang.cpp.syntax.compare.type_comparison :
  skylabs.prelude.base.Comparison skylabs.lang.cpp.syntax.compare.compareT
Corelib.Numbers.Cyclic.Int63.PrimInt63.sub :
  Corelib.Numbers.Cyclic.Int63.PrimInt63.int ->
  Corelib.Numbers.Cyclic.Int63.PrimInt63.int ->
  Corelib.Numbers.Cyclic.Int63.PrimInt63.int
Corelib.Strings.PrimString.string : Set
skylabs.lang.cpp.model.inductive_pointers.PTRS_IMPL.root_ptr_countable :
  stdpp.countable.Countable
    skylabs.lang.cpp.model.inductive_pointers.PTRS_IMPL.root_ptr
skylabs.lang.cpp.model.inductive_pointers.PTRS_IMPL.raw_offset_seg_countable :
  stdpp.countable.Countable
    skylabs.lang.cpp.model.inductive_pointers.PTRS_IMPL.raw_offset_seg
skylabs.lang.cpp.model.simple_pred.VALUES_DEFS_IMPL.raw_byte : Set
Corelib.Strings.PrimStringAxioms.of_to_list :
  forall s : Corelib.Strings.PrimString.string,
  Corelib.Strings.PrimStringAxioms.of_list
    (Corelib.Strings.PrimStringAxioms.to_list s) =
  s
Corelib.Numbers.Cyclic.Int63.Uint63Axioms.of_to_Z :
  forall x : Corelib.Numbers.Cyclic.Int63.PrimInt63.int,
  Corelib.Numbers.Cyclic.Int63.Uint63Axioms.of_Z
    (Corelib.Numbers.Cyclic.Int63.Uint63Axioms.to_Z x) =
  x
skylabs.lang.cpp.syntax.compare.name_leibniz_comparison :
  skylabs.prelude.compare.LeibnizComparison.C
    skylabs.lang.cpp.syntax.compare.compareN
skylabs.lang.cpp.syntax.compare.name_comparison :
  skylabs.prelude.base.Comparison skylabs.lang.cpp.syntax.compare.compareN
Corelib.Numbers.Cyclic.Int63.PrimInt63.mul :
  Corelib.Numbers.Cyclic.Int63.PrimInt63.int ->
  Corelib.Numbers.Cyclic.Int63.PrimInt63.int ->
  Corelib.Numbers.Cyclic.Int63.PrimInt63.int
Corelib.Strings.PrimString.make :
  Corelib.Numbers.Cyclic.Int63.PrimInt63.int ->
  Corelib.Strings.PrimString.char63 -> Corelib.Strings.PrimString.string
Corelib.Numbers.Cyclic.Int63.Uint63Axioms.ltb_spec :
  forall x y : Corelib.Numbers.Cyclic.Int63.PrimInt63.int,
  Corelib.Numbers.Cyclic.Int63.PrimInt63.ltb x y =
  Corelib.Init.Datatypes.true <->
  Corelib.BinNums.IntDef.Z.lt
    (Corelib.Numbers.Cyclic.Int63.Uint63Axioms.to_Z x)
    (Corelib.Numbers.Cyclic.Int63.Uint63Axioms.to_Z y)
Corelib.Numbers.Cyclic.Int63.PrimInt63.ltb :
  Corelib.Numbers.Cyclic.Int63.PrimInt63.int ->
  Corelib.Numbers.Cyclic.Int63.PrimInt63.int -> Corelib.Init.Datatypes.bool
Corelib.Numbers.Cyclic.Int63.PrimInt63.lsr :
  Corelib.Numbers.Cyclic.Int63.PrimInt63.int ->
  Corelib.Numbers.Cyclic.Int63.PrimInt63.int ->
  Corelib.Numbers.Cyclic.Int63.PrimInt63.int
Corelib.Numbers.Cyclic.Int63.PrimInt63.lsl :
  Corelib.Numbers.Cyclic.Int63.PrimInt63.int ->
  Corelib.Numbers.Cyclic.Int63.PrimInt63.int ->
  Corelib.Numbers.Cyclic.Int63.PrimInt63.int
Corelib.Numbers.Cyclic.Int63.PrimInt63.lor :
  Corelib.Numbers.Cyclic.Int63.PrimInt63.int ->
  Corelib.Numbers.Cyclic.Int63.PrimInt63.int ->
  Corelib.Numbers.Cyclic.Int63.PrimInt63.int
Corelib.Strings.PrimString.length :
  Corelib.Strings.PrimString.string ->
  Corelib.Numbers.Cyclic.Int63.PrimInt63.int
Corelib.Numbers.Cyclic.Int63.PrimInt63.land :
  Corelib.Numbers.Cyclic.Int63.PrimInt63.int ->
  Corelib.Numbers.Cyclic.Int63.PrimInt63.int ->
  Corelib.Numbers.Cyclic.Int63.PrimInt63.int
Corelib.Numbers.Cyclic.Int63.PrimInt63.int : Set
skylabs.lang.cpp.model.simple_pred.VALUES_DEFS_IMPL.has_type_prop_rv_ref :
  forall (σ : skylabs.lang.cpp.semantics.genv.genv)
    (v : skylabs.lang.cpp.model.simple_pred.VALUES_DEFS_IMPL.val)
    (ty : skylabs.lang.cpp.syntax.core.type),
  skylabs.lang.cpp.model.simple_pred.VALUES_DEFS_IMPL.has_type_prop v
    (skylabs.lang.cpp.syntax.core.Trv_ref ty) <->
  (exists p : skylabs.lang.cpp.model.inductive_pointers.PTRS_IMPL.ptr,
     v = skylabs.lang.cpp.model.simple_pred.VALUES_DEFS_IMPL.Vptr p /\
     p <> skylabs.lang.cpp.model.inductive_pointers.PTRS_IMPL.nullptr)
skylabs.lang.cpp.model.simple_pred.VALUES_DEFS_IMPL.has_type_prop_ref :
  forall (σ : skylabs.lang.cpp.semantics.genv.genv)
    (v : skylabs.lang.cpp.model.simple_pred.VALUES_DEFS_IMPL.val)
    (ty : skylabs.lang.cpp.syntax.core.type),
  skylabs.lang.cpp.model.simple_pred.VALUES_DEFS_IMPL.has_type_prop v
    (skylabs.lang.cpp.syntax.core.Tref ty) <->
  (exists p : skylabs.lang.cpp.model.inductive_pointers.PTRS_IMPL.ptr,
     v = skylabs.lang.cpp.model.simple_pred.VALUES_DEFS_IMPL.Vptr p /\
     p <> skylabs.lang.cpp.model.inductive_pointers.PTRS_IMPL.nullptr)
skylabs.lang.cpp.model.simple_pred.VALUES_DEFS_IMPL.has_type_prop :
  skylabs.lang.cpp.semantics.genv.genv ->
  skylabs.lang.cpp.model.simple_pred.VALUES_DEFS_IMPL.val ->
  skylabs.lang.cpp.syntax.core.type -> Prop
skylabs.lang.cpp.model.simple_pointers_utils.global_ptr_encode_vaddr :
  skylabs.lang.cpp.syntax.core.obj_name -> skylabs.prelude.addr.vaddr
Corelib.Strings.PrimString.get :
  Corelib.Strings.PrimString.string ->
  Corelib.Numbers.Cyclic.Int63.PrimInt63.int ->
  Corelib.Strings.PrimString.char63
Corelib.Numbers.Cyclic.Int63.Uint63Axioms.eqb_refl :
  forall x : Corelib.Numbers.Cyclic.Int63.PrimInt63.int,
  Corelib.Numbers.Cyclic.Int63.PrimInt63.eqb x x =
  Corelib.Init.Datatypes.true
Corelib.Numbers.Cyclic.Int63.Uint63Axioms.eqb_correct :
  forall i j : Corelib.Numbers.Cyclic.Int63.PrimInt63.int,
  Corelib.Numbers.Cyclic.Int63.PrimInt63.eqb i j =
  Corelib.Init.Datatypes.true -> i = j
Corelib.Numbers.Cyclic.Int63.PrimInt63.eqb :
  Corelib.Numbers.Cyclic.Int63.PrimInt63.int ->
  Corelib.Numbers.Cyclic.Int63.PrimInt63.int -> Corelib.Init.Datatypes.bool
Corelib.Strings.PrimStringAxioms.compare_spec :
  forall s1 s2 : Corelib.Strings.PrimString.string,
  Corelib.Strings.PrimString.compare s1 s2 =
  Corelib.Lists.ListDef.list_compare
    Corelib.Numbers.Cyclic.Int63.PrimInt63.compare
    (Corelib.Strings.PrimStringAxioms.to_list s1)
    (Corelib.Strings.PrimStringAxioms.to_list s2)
Corelib.Numbers.Cyclic.Int63.Uint63Axioms.compare_def_spec :
  forall x y : Corelib.Numbers.Cyclic.Int63.PrimInt63.int,
  Corelib.Numbers.Cyclic.Int63.PrimInt63.compare x y =
  Corelib.Numbers.Cyclic.Int63.Uint63Axioms.compare_def x y
Corelib.Strings.PrimString.compare :
  Corelib.Strings.PrimString.string ->
  Corelib.Strings.PrimString.string -> Corelib.Init.Datatypes.comparison
Corelib.Numbers.Cyclic.Int63.PrimInt63.compare :
  Corelib.Numbers.Cyclic.Int63.PrimInt63.int ->
  Corelib.Numbers.Cyclic.Int63.PrimInt63.int ->
  Corelib.Init.Datatypes.comparison
Corelib.Strings.PrimString.cat :
  Corelib.Strings.PrimString.string ->
  Corelib.Strings.PrimString.string -> Corelib.Strings.PrimString.string
skylabs.lang.cpp.semantics.types.align_of :
  skylabs.lang.cpp.semantics.genv.genv ->
  skylabs.lang.cpp.syntax.core.type ->
  Corelib.Init.Datatypes.option Corelib.Numbers.BinNums.N
Corelib.Numbers.Cyclic.Int63.PrimInt63.add :
  Corelib.Numbers.Cyclic.Int63.PrimInt63.int ->
  Corelib.Numbers.Cyclic.Int63.PrimInt63.int ->
  Corelib.Numbers.Cyclic.Int63.PrimInt63.int
skylabs.lang.cpp.syntax.compare.Stmt_leibniz_comparison :
  skylabs.prelude.compare.LeibnizComparison.C
    skylabs.lang.cpp.syntax.compare.compareS
skylabs.lang.cpp.syntax.compare.Stmt_comparison :
  skylabs.prelude.base.Comparison skylabs.lang.cpp.syntax.compare.compareS
skylabs.lang.cpp.syntax.compare.Expr_leibniz_comparison :
  skylabs.prelude.compare.LeibnizComparison.C
    skylabs.lang.cpp.syntax.compare.compareE
skylabs.lang.cpp.syntax.compare.Expr_comparison :
  skylabs.prelude.base.Comparison skylabs.lang.cpp.syntax.compare.compareE
Axioms:
skylabs.lang.cpp.syntax.compare.compareT is assumed to be guarded.
skylabs.lang.cpp.syntax.compare.compareS is assumed to be guarded.
skylabs.lang.cpp.syntax.compare.compareN is assumed to be guarded.
skylabs.lang.cpp.syntax.compare.compareE is assumed to be guarded.
skylabs.lang.cpp.syntax.compare.type_leibniz_comparison :
  skylabs.prelude.compare.LeibnizComparison.C
    skylabs.lang.cpp.syntax.compare.compareT
skylabs.lang.cpp.syntax.compare.type_comparison :
  skylabs.prelude.base.Comparison skylabs.lang.cpp.syntax.compare.compareT
Corelib.Numbers.Cyclic.Int63.PrimInt63.sub :
  Corelib.Numbers.Cyclic.Int63.PrimInt63.int ->
  Corelib.Numbers.Cyclic.Int63.PrimInt63.int ->
  Corelib.Numbers.Cyclic.Int63.PrimInt63.int
Corelib.Strings.PrimString.string : Set
skylabs.lang.cpp.model.inductive_pointers.PTRS_IMPL.root_ptr_countable :
  stdpp.countable.Countable
    skylabs.lang.cpp.model.inductive_pointers.PTRS_IMPL.root_ptr
skylabs.lang.cpp.model.inductive_pointers.PTRS_IMPL.raw_offset_seg_countable :
  stdpp.countable.Countable
    skylabs.lang.cpp.model.inductive_pointers.PTRS_IMPL.raw_offset_seg
skylabs.lang.cpp.model.simple_pred.VALUES_DEFS_IMPL.raw_byte : Set
Corelib.Strings.PrimStringAxioms.of_to_list :
  forall s : Corelib.Strings.PrimString.string,
  Corelib.Strings.PrimStringAxioms.of_list
    (Corelib.Strings.PrimStringAxioms.to_list s) =
  s
Corelib.Numbers.Cyclic.Int63.Uint63Axioms.of_to_Z :
  forall x : Corelib.Numbers.Cyclic.Int63.PrimInt63.int,
  Corelib.Numbers.Cyclic.Int63.Uint63Axioms.of_Z
    (Corelib.Numbers.Cyclic.Int63.Uint63Axioms.to_Z x) =
  x
skylabs.lang.cpp.syntax.compare.name_leibniz_comparison :
  skylabs.prelude.compare.LeibnizComparison.C
    skylabs.lang.cpp.syntax.compare.compareN
skylabs.lang.cpp.syntax.compare.name_comparison :
  skylabs.prelude.base.Comparison skylabs.lang.cpp.syntax.compare.compareN
Corelib.Numbers.Cyclic.Int63.PrimInt63.mul :
  Corelib.Numbers.Cyclic.Int63.PrimInt63.int ->
  Corelib.Numbers.Cyclic.Int63.PrimInt63.int ->
  Corelib.Numbers.Cyclic.Int63.PrimInt63.int
Corelib.Strings.PrimString.make :
  Corelib.Numbers.Cyclic.Int63.PrimInt63.int ->
  Corelib.Strings.PrimString.char63 -> Corelib.Strings.PrimString.string
Corelib.Numbers.Cyclic.Int63.Uint63Axioms.ltb_spec :
  forall x y : Corelib.Numbers.Cyclic.Int63.PrimInt63.int,
  Corelib.Numbers.Cyclic.Int63.PrimInt63.ltb x y =
  Corelib.Init.Datatypes.true <->
  Corelib.BinNums.IntDef.Z.lt
    (Corelib.Numbers.Cyclic.Int63.Uint63Axioms.to_Z x)
    (Corelib.Numbers.Cyclic.Int63.Uint63Axioms.to_Z y)
Corelib.Numbers.Cyclic.Int63.PrimInt63.ltb :
  Corelib.Numbers.Cyclic.Int63.PrimInt63.int ->
  Corelib.Numbers.Cyclic.Int63.PrimInt63.int -> Corelib.Init.Datatypes.bool
Corelib.Numbers.Cyclic.Int63.PrimInt63.lsr :
  Corelib.Numbers.Cyclic.Int63.PrimInt63.int ->
  Corelib.Numbers.Cyclic.Int63.PrimInt63.int ->
  Corelib.Numbers.Cyclic.Int63.PrimInt63.int
Corelib.Numbers.Cyclic.Int63.PrimInt63.lsl :
  Corelib.Numbers.Cyclic.Int63.PrimInt63.int ->
  Corelib.Numbers.Cyclic.Int63.PrimInt63.int ->
  Corelib.Numbers.Cyclic.Int63.PrimInt63.int
Corelib.Numbers.Cyclic.Int63.PrimInt63.lor :
  Corelib.Numbers.Cyclic.Int63.PrimInt63.int ->
  Corelib.Numbers.Cyclic.Int63.PrimInt63.int ->
  Corelib.Numbers.Cyclic.Int63.PrimInt63.int
Corelib.Strings.PrimString.length :
  Corelib.Strings.PrimString.string ->
  Corelib.Numbers.Cyclic.Int63.PrimInt63.int
Corelib.Numbers.Cyclic.Int63.PrimInt63.land :
  Corelib.Numbers.Cyclic.Int63.PrimInt63.int ->
  Corelib.Numbers.Cyclic.Int63.PrimInt63.int ->
  Corelib.Numbers.Cyclic.Int63.PrimInt63.int
Corelib.Numbers.Cyclic.Int63.PrimInt63.int : Set
skylabs.lang.cpp.model.simple_pointers_utils.global_ptr_encode_vaddr :
  skylabs.lang.cpp.syntax.core.obj_name -> skylabs.prelude.addr.vaddr
Corelib.Strings.PrimString.get :
  Corelib.Strings.PrimString.string ->
  Corelib.Numbers.Cyclic.Int63.PrimInt63.int ->
  Corelib.Strings.PrimString.char63
Corelib.Numbers.Cyclic.Int63.Uint63Axioms.eqb_refl :
  forall x : Corelib.Numbers.Cyclic.Int63.PrimInt63.int,
  Corelib.Numbers.Cyclic.Int63.PrimInt63.eqb x x =
  Corelib.Init.Datatypes.true
Corelib.Numbers.Cyclic.Int63.Uint63Axioms.eqb_correct :
  forall i j : Corelib.Numbers.Cyclic.Int63.PrimInt63.int,
  Corelib.Numbers.Cyclic.Int63.PrimInt63.eqb i j =
  Corelib.Init.Datatypes.true -> i = j
Corelib.Numbers.Cyclic.Int63.PrimInt63.eqb :
  Corelib.Numbers.Cyclic.Int63.PrimInt63.int ->
  Corelib.Numbers.Cyclic.Int63.PrimInt63.int -> Corelib.Init.Datatypes.bool
Corelib.Strings.PrimStringAxioms.compare_spec :
  forall s1 s2 : Corelib.Strings.PrimString.string,
  Corelib.Strings.PrimString.compare s1 s2 =
  Corelib.Lists.ListDef.list_compare
    Corelib.Numbers.Cyclic.Int63.PrimInt63.compare
    (Corelib.Strings.PrimStringAxioms.to_list s1)
    (Corelib.Strings.PrimStringAxioms.to_list s2)
Corelib.Numbers.Cyclic.Int63.Uint63Axioms.compare_def_spec :
  forall x y : Corelib.Numbers.Cyclic.Int63.PrimInt63.int,
  Corelib.Numbers.Cyclic.Int63.PrimInt63.compare x y =
  Corelib.Numbers.Cyclic.Int63.Uint63Axioms.compare_def x y
Corelib.Strings.PrimString.compare :
  Corelib.Strings.PrimString.string ->
  Corelib.Strings.PrimString.string -> Corelib.Init.Datatypes.comparison
Corelib.Numbers.Cyclic.Int63.PrimInt63.compare :
  Corelib.Numbers.Cyclic.Int63.PrimInt63.int ->
  Corelib.Numbers.Cyclic.Int63.PrimInt63.int ->
  Corelib.Init.Datatypes.comparison
Corelib.Strings.PrimString.cat :
  Corelib.Strings.PrimString.string ->
  Corelib.Strings.PrimString.string -> Corelib.Strings.PrimString.string
skylabs.lang.cpp.semantics.types.align_of_erase_qualifiers :
  forall (σ : skylabs.lang.cpp.semantics.genv.genv)
    (t : skylabs.lang.cpp.syntax.core.type),
  skylabs.lang.cpp.semantics.types.align_of
    (skylabs.lang.cpp.syntax.types.erase_qualifiers t) =
  skylabs.lang.cpp.semantics.types.align_of t
skylabs.lang.cpp.semantics.types.align_of :
  skylabs.lang.cpp.semantics.genv.genv ->
  skylabs.lang.cpp.syntax.core.type ->
  Corelib.Init.Datatypes.option Corelib.Numbers.BinNums.N
Corelib.Numbers.Cyclic.Int63.PrimInt63.add :
  Corelib.Numbers.Cyclic.Int63.PrimInt63.int ->
  Corelib.Numbers.Cyclic.Int63.PrimInt63.int ->
  Corelib.Numbers.Cyclic.Int63.PrimInt63.int
skylabs.lang.cpp.syntax.compare.Stmt_leibniz_comparison :
  skylabs.prelude.compare.LeibnizComparison.C
    skylabs.lang.cpp.syntax.compare.compareS
skylabs.lang.cpp.syntax.compare.Stmt_comparison :
  skylabs.prelude.base.Comparison skylabs.lang.cpp.syntax.compare.compareS
skylabs.lang.cpp.syntax.compare.Expr_leibniz_comparison :
  skylabs.prelude.compare.LeibnizComparison.C
    skylabs.lang.cpp.syntax.compare.compareE
skylabs.lang.cpp.syntax.compare.Expr_comparison :
  skylabs.prelude.base.Comparison skylabs.lang.cpp.syntax.compare.compareE
Axioms:
skylabs.lang.cpp.syntax.compare.compareT is assumed to be guarded.
skylabs.lang.cpp.syntax.compare.compareS is assumed to be guarded.
skylabs.lang.cpp.syntax.compare.compareN is assumed to be guarded.
skylabs.lang.cpp.syntax.compare.compareE is assumed to be guarded.
skylabs.lang.cpp.syntax.compare.type_leibniz_comparison :
  skylabs.prelude.compare.LeibnizComparison.C
    skylabs.lang.cpp.syntax.compare.compareT
skylabs.lang.cpp.syntax.compare.type_comparison :
  skylabs.prelude.base.Comparison skylabs.lang.cpp.syntax.compare.compareT
Corelib.Numbers.Cyclic.Int63.PrimInt63.sub :
  Corelib.Numbers.Cyclic.Int63.PrimInt63.int ->
  Corelib.Numbers.Cyclic.Int63.PrimInt63.int ->
  Corelib.Numbers.Cyclic.Int63.PrimInt63.int
Corelib.Strings.PrimString.string : Set
skylabs.lang.cpp.model.inductive_pointers.PTRS_IMPL.root_ptr_countable :
  stdpp.countable.Countable
    skylabs.lang.cpp.model.inductive_pointers.PTRS_IMPL.root_ptr
skylabs.lang.cpp.model.inductive_pointers.PTRS_IMPL.raw_offset_seg_countable :
  stdpp.countable.Countable
    skylabs.lang.cpp.model.inductive_pointers.PTRS_IMPL.raw_offset_seg
skylabs.lang.cpp.model.simple_pred.VALUES_DEFS_IMPL.raw_byte : Set
Corelib.Strings.PrimStringAxioms.of_to_list :
  forall s : Corelib.Strings.PrimString.string,
  Corelib.Strings.PrimStringAxioms.of_list
    (Corelib.Strings.PrimStringAxioms.to_list s) =
  s
Corelib.Numbers.Cyclic.Int63.Uint63Axioms.of_to_Z :
  forall x : Corelib.Numbers.Cyclic.Int63.PrimInt63.int,
  Corelib.Numbers.Cyclic.Int63.Uint63Axioms.of_Z
    (Corelib.Numbers.Cyclic.Int63.Uint63Axioms.to_Z x) =
  x
skylabs.lang.cpp.syntax.compare.name_leibniz_comparison :
  skylabs.prelude.compare.LeibnizComparison.C
    skylabs.lang.cpp.syntax.compare.compareN
skylabs.lang.cpp.syntax.compare.name_comparison :
  skylabs.prelude.base.Comparison skylabs.lang.cpp.syntax.compare.compareN
Corelib.Numbers.Cyclic.Int63.PrimInt63.mul :
  Corelib.Numbers.Cyclic.Int63.PrimInt63.int ->
  Corelib.Numbers.Cyclic.Int63.PrimInt63.int ->
  Corelib.Numbers.Cyclic.Int63.PrimInt63.int
Corelib.Strings.PrimString.make :
  Corelib.Numbers.Cyclic.Int63.PrimInt63.int ->
  Corelib.Strings.PrimString.char63 -> Corelib.Strings.PrimString.string
Corelib.Numbers.Cyclic.Int63.Uint63Axioms.ltb_spec :
  forall x y : Corelib.Numbers.Cyclic.Int63.PrimInt63.int,
  Corelib.Numbers.Cyclic.Int63.PrimInt63.ltb x y =
  Corelib.Init.Datatypes.true <->
  Corelib.BinNums.IntDef.Z.lt
    (Corelib.Numbers.Cyclic.Int63.Uint63Axioms.to_Z x)
    (Corelib.Numbers.Cyclic.Int63.Uint63Axioms.to_Z y)
Corelib.Numbers.Cyclic.Int63.PrimInt63.ltb :
  Corelib.Numbers.Cyclic.Int63.PrimInt63.int ->
  Corelib.Numbers.Cyclic.Int63.PrimInt63.int -> Corelib.Init.Datatypes.bool
Corelib.Numbers.Cyclic.Int63.PrimInt63.lsr :
  Corelib.Numbers.Cyclic.Int63.PrimInt63.int ->
  Corelib.Numbers.Cyclic.Int63.PrimInt63.int ->
  Corelib.Numbers.Cyclic.Int63.PrimInt63.int
Corelib.Numbers.Cyclic.Int63.PrimInt63.lsl :
  Corelib.Numbers.Cyclic.Int63.PrimInt63.int ->
  Corelib.Numbers.Cyclic.Int63.PrimInt63.int ->
  Corelib.Numbers.Cyclic.Int63.PrimInt63.int
Corelib.Numbers.Cyclic.Int63.PrimInt63.lor :
  Corelib.Numbers.Cyclic.Int63.PrimInt63.int ->
  Corelib.Numbers.Cyclic.Int63.PrimInt63.int ->
  Corelib.Numbers.Cyclic.Int63.PrimInt63.int
Corelib.Strings.PrimString.length :
  Corelib.Strings.PrimString.string ->
  Corelib.Numbers.Cyclic.Int63.PrimInt63.int
Corelib.Numbers.Cyclic.Int63.PrimInt63.land :
  Corelib.Numbers.Cyclic.Int63.PrimInt63.int ->
  Corelib.Numbers.Cyclic.Int63.PrimInt63.int ->
  Corelib.Numbers.Cyclic.Int63.PrimInt63.int
Corelib.Numbers.Cyclic.Int63.PrimInt63.int : Set
skylabs.lang.cpp.model.simple_pred.VALUES_DEFS_IMPL.has_type_prop :
  skylabs.lang.cpp.semantics.genv.genv ->
  skylabs.lang.cpp.model.simple_pred.VALUES_DEFS_IMPL.val ->
  skylabs.lang.cpp.syntax.core.type -> Prop
skylabs.lang.cpp.model.simple_pointers_utils.global_ptr_encode_vaddr :
  skylabs.lang.cpp.syntax.core.obj_name -> skylabs.prelude.addr.vaddr
Corelib.Strings.PrimString.get :
  Corelib.Strings.PrimString.string ->
  Corelib.Numbers.Cyclic.Int63.PrimInt63.int ->
  Corelib.Strings.PrimString.char63
Corelib.Numbers.Cyclic.Int63.Uint63Axioms.eqb_refl :
  forall x : Corelib.Numbers.Cyclic.Int63.PrimInt63.int,
  Corelib.Numbers.Cyclic.Int63.PrimInt63.eqb x x =
  Corelib.Init.Datatypes.true
Corelib.Numbers.Cyclic.Int63.Uint63Axioms.eqb_correct :
  forall i j : Corelib.Numbers.Cyclic.Int63.PrimInt63.int,
  Corelib.Numbers.Cyclic.Int63.PrimInt63.eqb i j =
  Corelib.Init.Datatypes.true -> i = j
Corelib.Numbers.Cyclic.Int63.PrimInt63.eqb :
  Corelib.Numbers.Cyclic.Int63.PrimInt63.int ->
  Corelib.Numbers.Cyclic.Int63.PrimInt63.int -> Corelib.Init.Datatypes.bool
Corelib.Strings.PrimStringAxioms.compare_spec :
  forall s1 s2 : Corelib.Strings.PrimString.string,
  Corelib.Strings.PrimString.compare s1 s2 =
  Corelib.Lists.ListDef.list_compare
    Corelib.Numbers.Cyclic.Int63.PrimInt63.compare
    (Corelib.Strings.PrimStringAxioms.to_list s1)
    (Corelib.Strings.PrimStringAxioms.to_list s2)
Corelib.Numbers.Cyclic.Int63.Uint63Axioms.compare_def_spec :
  forall x y : Corelib.Numbers.Cyclic.Int63.PrimInt63.int,
  Corelib.Numbers.Cyclic.Int63.PrimInt63.compare x y =
  Corelib.Numbers.Cyclic.Int63.Uint63Axioms.compare_def x y
Corelib.Strings.PrimString.compare :
  Corelib.Strings.PrimString.string ->
  Corelib.Strings.PrimString.string -> Corelib.Init.Datatypes.comparison
Corelib.Numbers.Cyclic.Int63.PrimInt63.compare :
  Corelib.Numbers.Cyclic.Int63.PrimInt63.int ->
  Corelib.Numbers.Cyclic.Int63.PrimInt63.int ->
  Corelib.Init.Datatypes.comparison
Corelib.Strings.PrimString.cat :
  Corelib.Strings.PrimString.string ->
  Corelib.Strings.PrimString.string -> Corelib.Strings.PrimString.string
skylabs.lang.cpp.semantics.types.align_of :
  skylabs.lang.cpp.semantics.genv.genv ->
  skylabs.lang.cpp.syntax.core.type ->
  Corelib.Init.Datatypes.option Corelib.Numbers.BinNums.N
Corelib.Numbers.Cyclic.Int63.PrimInt63.add :
  Corelib.Numbers.Cyclic.Int63.PrimInt63.int ->
  Corelib.Numbers.Cyclic.Int63.PrimInt63.int ->
  Corelib.Numbers.Cyclic.Int63.PrimInt63.int
skylabs.lang.cpp.syntax.compare.Stmt_leibniz_comparison :
  skylabs.prelude.compare.LeibnizComparison.C
    skylabs.lang.cpp.syntax.compare.compareS
skylabs.lang.cpp.syntax.compare.Stmt_comparison :
  skylabs.prelude.base.Comparison skylabs.lang.cpp.syntax.compare.compareS
skylabs.lang.cpp.syntax.compare.Expr_leibniz_comparison :
  skylabs.prelude.compare.LeibnizComparison.C
    skylabs.lang.cpp.syntax.compare.compareE
skylabs.lang.cpp.syntax.compare.Expr_comparison :
  skylabs.prelude.base.Comparison skylabs.lang.cpp.syntax.compare.compareE
Axioms:
skylabs.lang.cpp.syntax.compare.compareT is assumed to be guarded.
skylabs.lang.cpp.syntax.compare.compareS is assumed to be guarded.
skylabs.lang.cpp.syntax.compare.compareN is assumed to be guarded.
skylabs.lang.cpp.syntax.compare.compareE is assumed to be guarded.
skylabs.lang.cpp.syntax.compare.type_leibniz_comparison :
  skylabs.prelude.compare.LeibnizComparison.C
    skylabs.lang.cpp.syntax.compare.compareT
skylabs.lang.cpp.syntax.compare.type_comparison :
  skylabs.prelude.base.Comparison skylabs.lang.cpp.syntax.compare.compareT
Corelib.Numbers.Cyclic.Int63.PrimInt63.sub :
  Corelib.Numbers.Cyclic.Int63.PrimInt63.int ->
  Corelib.Numbers.Cyclic.Int63.PrimInt63.int ->
  Corelib.Numbers.Cyclic.Int63.PrimInt63.int
Corelib.Strings.PrimString.string : Set
skylabs.lang.cpp.model.inductive_pointers.PTRS_IMPL.root_ptr_countable :
  stdpp.countable.Countable
    skylabs.lang.cpp.model.inductive_pointers.PTRS_IMPL.root_ptr
skylabs.lang.cpp.model.inductive_pointers.PTRS_IMPL.raw_offset_seg_countable :
  stdpp.countable.Countable
    skylabs.lang.cpp.model.inductive_pointers.PTRS_IMPL.raw_offset_seg
skylabs.lang.cpp.model.simple_pred.VALUES_DEFS_IMPL.raw_byte : Set
Corelib.Strings.PrimStringAxioms.of_to_list :
  forall s : Corelib.Strings.PrimString.string,
  Corelib.Strings.PrimStringAxioms.of_list
    (Corelib.Strings.PrimStringAxioms.to_list s) =
  s
Corelib.Numbers.Cyclic.Int63.Uint63Axioms.of_to_Z :
  forall x : Corelib.Numbers.Cyclic.Int63.PrimInt63.int,
  Corelib.Numbers.Cyclic.Int63.Uint63Axioms.of_Z
    (Corelib.Numbers.Cyclic.Int63.Uint63Axioms.to_Z x) =
  x
skylabs.lang.cpp.syntax.compare.name_leibniz_comparison :
  skylabs.prelude.compare.LeibnizComparison.C
    skylabs.lang.cpp.syntax.compare.compareN
skylabs.lang.cpp.syntax.compare.name_comparison :
  skylabs.prelude.base.Comparison skylabs.lang.cpp.syntax.compare.compareN
Corelib.Numbers.Cyclic.Int63.PrimInt63.mul :
  Corelib.Numbers.Cyclic.Int63.PrimInt63.int ->
  Corelib.Numbers.Cyclic.Int63.PrimInt63.int ->
  Corelib.Numbers.Cyclic.Int63.PrimInt63.int
Corelib.Strings.PrimString.make :
  Corelib.Numbers.Cyclic.Int63.PrimInt63.int ->
  Corelib.Strings.PrimString.char63 -> Corelib.Strings.PrimString.string
Corelib.Numbers.Cyclic.Int63.Uint63Axioms.ltb_spec :
  forall x y : Corelib.Numbers.Cyclic.Int63.PrimInt63.int,
  Corelib.Numbers.Cyclic.Int63.PrimInt63.ltb x y =
  Corelib.Init.Datatypes.true <->
  Corelib.BinNums.IntDef.Z.lt
    (Corelib.Numbers.Cyclic.Int63.Uint63Axioms.to_Z x)
    (Corelib.Numbers.Cyclic.Int63.Uint63Axioms.to_Z y)
Corelib.Numbers.Cyclic.Int63.PrimInt63.ltb :
  Corelib.Numbers.Cyclic.Int63.PrimInt63.int ->
  Corelib.Numbers.Cyclic.Int63.PrimInt63.int -> Corelib.Init.Datatypes.bool
Corelib.Numbers.Cyclic.Int63.PrimInt63.lsr :
  Corelib.Numbers.Cyclic.Int63.PrimInt63.int ->
  Corelib.Numbers.Cyclic.Int63.PrimInt63.int ->
  Corelib.Numbers.Cyclic.Int63.PrimInt63.int
Corelib.Numbers.Cyclic.Int63.PrimInt63.lsl :
  Corelib.Numbers.Cyclic.Int63.PrimInt63.int ->
  Corelib.Numbers.Cyclic.Int63.PrimInt63.int ->
  Corelib.Numbers.Cyclic.Int63.PrimInt63.int
Corelib.Numbers.Cyclic.Int63.PrimInt63.lor :
  Corelib.Numbers.Cyclic.Int63.PrimInt63.int ->
  Corelib.Numbers.Cyclic.Int63.PrimInt63.int ->
  Corelib.Numbers.Cyclic.Int63.PrimInt63.int
Corelib.Strings.PrimString.length :
  Corelib.Strings.PrimString.string ->
  Corelib.Numbers.Cyclic.Int63.PrimInt63.int
Corelib.Numbers.Cyclic.Int63.PrimInt63.land :
  Corelib.Numbers.Cyclic.Int63.PrimInt63.int ->
  Corelib.Numbers.Cyclic.Int63.PrimInt63.int ->
  Corelib.Numbers.Cyclic.Int63.PrimInt63.int
Corelib.Numbers.Cyclic.Int63.PrimInt63.int : Set
skylabs.lang.cpp.model.simple_pointers_utils.global_ptr_encode_vaddr :
  skylabs.lang.cpp.syntax.core.obj_name -> skylabs.prelude.addr.vaddr
Corelib.Strings.PrimString.get :
  Corelib.Strings.PrimString.string ->
  Corelib.Numbers.Cyclic.Int63.PrimInt63.int ->
  Corelib.Strings.PrimString.char63
Corelib.Numbers.Cyclic.Int63.Uint63Axioms.eqb_refl :
  forall x : Corelib.Numbers.Cyclic.Int63.PrimInt63.int,
  Corelib.Numbers.Cyclic.Int63.PrimInt63.eqb x x =
  Corelib.Init.Datatypes.true
Corelib.Numbers.Cyclic.Int63.Uint63Axioms.eqb_correct :
  forall i j : Corelib.Numbers.Cyclic.Int63.PrimInt63.int,
  Corelib.Numbers.Cyclic.Int63.PrimInt63.eqb i j =
  Corelib.Init.Datatypes.true -> i = j
Corelib.Numbers.Cyclic.Int63.PrimInt63.eqb :
  Corelib.Numbers.Cyclic.Int63.PrimInt63.int ->
  Corelib.Numbers.Cyclic.Int63.PrimInt63.int -> Corelib.Init.Datatypes.bool
Corelib.Strings.PrimStringAxioms.compare_spec :
  forall s1 s2 : Corelib.Strings.PrimString.string,
  Corelib.Strings.PrimString.compare s1 s2 =
  Corelib.Lists.ListDef.list_compare
    Corelib.Numbers.Cyclic.Int63.PrimInt63.compare
    (Corelib.Strings.PrimStringAxioms.to_list s1)
    (Corelib.Strings.PrimStringAxioms.to_list s2)
Corelib.Numbers.Cyclic.Int63.Uint63Axioms.compare_def_spec :
  forall x y : Corelib.Numbers.Cyclic.Int63.PrimInt63.int,
  Corelib.Numbers.Cyclic.Int63.PrimInt63.compare x y =
  Corelib.Numbers.Cyclic.Int63.Uint63Axioms.compare_def x y
Corelib.Strings.PrimString.compare :
  Corelib.Strings.PrimString.string ->
  Corelib.Strings.PrimString.string -> Corelib.Init.Datatypes.comparison
Corelib.Numbers.Cyclic.Int63.PrimInt63.compare :
  Corelib.Numbers.Cyclic.Int63.PrimInt63.int ->
  Corelib.Numbers.Cyclic.Int63.PrimInt63.int ->
  Corelib.Init.Datatypes.comparison
Corelib.Strings.PrimString.cat :
  Corelib.Strings.PrimString.string ->
  Corelib.Strings.PrimString.string -> Corelib.Strings.PrimString.string
skylabs.lang.cpp.semantics.types.align_of :
  skylabs.lang.cpp.semantics.genv.genv ->
  skylabs.lang.cpp.syntax.core.type ->
  Corelib.Init.Datatypes.option Corelib.Numbers.BinNums.N
Corelib.Numbers.Cyclic.Int63.PrimInt63.add :
  Corelib.Numbers.Cyclic.Int63.PrimInt63.int ->
  Corelib.Numbers.Cyclic.Int63.PrimInt63.int ->
  Corelib.Numbers.Cyclic.Int63.PrimInt63.int
skylabs.lang.cpp.syntax.compare.Stmt_leibniz_comparison :
  skylabs.prelude.compare.LeibnizComparison.C
    skylabs.lang.cpp.syntax.compare.compareS
skylabs.lang.cpp.syntax.compare.Stmt_comparison :
  skylabs.prelude.base.Comparison skylabs.lang.cpp.syntax.compare.compareS
skylabs.lang.cpp.syntax.compare.Expr_leibniz_comparison :
  skylabs.prelude.compare.LeibnizComparison.C
    skylabs.lang.cpp.syntax.compare.compareE
skylabs.lang.cpp.syntax.compare.Expr_comparison :
  skylabs.prelude.base.Comparison skylabs.lang.cpp.syntax.compare.compareE
