Query assignments:
  Id = cats
Query assignments:
  T = app
 [global (indc «Ident.Rep»), 
  fun `dogs` (global (indt «unit»)) c0 \ global (indc «tt»)]
Query assignments:
  %spill1_196 = dogs
  %spill2_197 = app
 [global (indc «Ident.Rep»), 
  fun `dogs` (global (indt «unit»)) c0 \ global (indc «tt»)]
Query assignments:
  O = none
